 python

 Timestamp is 5e397652 (Tue Feb  4 13:49:06 2020)

 Preferred load address is 0000000180000000

 Start         Length     Name                   Class
 0001:00000000 00000210H .text$di                CODE
 0001:00000210 0000f7c0H .text$mn                CODE
 0001:0000f9d0 00000020H .text$mn$00             CODE
 0001:0000f9f0 00000530H .text$x                 CODE
 0001:0000ff20 000003ccH .text$yd                CODE
 0002:00000000 000006d8H .idata$5                DATA
 0002:000006d8 00000010H .00cfg                  DATA
 0002:000006e8 00000008H .CRT$XCA                DATA
 0002:000006f0 00000070H .CRT$XCU                DATA
 0002:00000760 00000008H .CRT$XCZ                DATA
 0002:00000768 00000008H .CRT$XIA                DATA
 0002:00000770 00000008H .CRT$XIC                DATA
 0002:00000778 00000008H .CRT$XIZ                DATA
 0002:00000780 00000008H .CRT$XLA                DATA
 0002:00000788 00000008H .CRT$XLZ                DATA
 0002:00000790 00000008H .CRT$XPA                DATA
 0002:00000798 00000008H .CRT$XPZ                DATA
 0002:000007a0 00000008H .CRT$XTA                DATA
 0002:000007a8 00000008H .CRT$XTZ                DATA
 0002:000007b0 00000000H .gfids$y                DATA
 0002:000007b0 00002080H .rdata                  DATA
 0002:00002830 00000028H .rdata$T                DATA
 0002:00002858 000001f4H .rdata$r                DATA
 0002:00002a4c 0000034cH .rdata$zzzdbg           DATA
 0002:00002d98 00000008H .rtc$IAA                DATA
 0002:00002da0 00000008H .rtc$IZZ                DATA
 0002:00002da8 00000008H .rtc$TAA                DATA
 0002:00002db0 00000008H .rtc$TZZ                DATA
 0002:00002db8 00000004H .tls                    DATA
 0002:00002dbc 00000004H .tls$                   DATA
 0002:00002dc0 00000010H .tls$ZZZ                DATA
 0002:00002dd0 00002470H .xdata                  DATA
 0002:00005240 000000f0H .xdata$x                DATA
 0002:00005330 0000094cH .edata                  DATA
 0002:00005c7c 000000b4H .idata$2                DATA
 0002:00005d30 00000018H .idata$3                DATA
 0002:00005d48 000006d8H .idata$4                DATA
 0002:00006420 00001018H .idata$6                DATA
 0003:00000000 00000318H .data                   DATA
 0003:00000318 000000a8H .data$r                 DATA
 0003:000003c0 000009f8H .bss                    DATA
 0004:00000000 00000cf0H .pdata                  DATA

  Address         Publics by Value              Rva+Base               Lib:Object

 0000:00000000       __guard_longjmp_count      0000000000000000     <absolute>
 0000:00000000       __guard_fids_count         0000000000000000     <absolute>
 0000:00000000       __hybrid_code_map_count    0000000000000000     <absolute>
 0000:00000000       __guard_iat_table          0000000000000000     <absolute>
 0000:00000000       __hybrid_code_map          0000000000000000     <absolute>
 0000:00000000       __dynamic_value_reloc_table 0000000000000000     <absolute>
 0000:00000000       __guard_iat_count          0000000000000000     <absolute>
 0000:00000000       __guard_longjmp_table      0000000000000000     <absolute>
 0000:00000000       __volatile_metadata        0000000000000000     <absolute>
 0000:00000000       __enclave_config           0000000000000000     <absolute>
 0000:00000000       ___safe_se_handler_count   0000000000000000     <absolute>
 0000:00000000       ___safe_se_handler_table   0000000000000000     <absolute>
 0000:00000000       __guard_fids_table         0000000000000000     <absolute>
 0000:00000000       __hybrid_auxiliary_iat     0000000000000000     <absolute>
 0000:00000100       __guard_flags              0000000000000100     <absolute>
 0000:00000000       __ImageBase                0000000180000000     <linker-defined>
 0001:00000410       ?run@@YA_N_K@Z             0000000180001410 f   python.obj
 0001:00002c50       ?IDAPython_cli_execute_line@@YA_NPEBD@Z 0000000180003c50 f   python.obj
 0001:00002ec0       ?init@@YAHXZ               0000000180003ec0 f   python.obj
 0001:00002ee0       ?term@@YAXXZ               0000000180003ee0 f   python.obj
 0001:00002ef0       ??0?$_qstring@D@@QEAA@AEBV0@@Z 0000000180003ef0 f i python.obj
 0001:00002f60       ??0?$_qstring@D@@QEAA@PEBD@Z 0000000180003f60 f i python.obj
 0001:00003000       ??0?$_qstring@D@@QEAA@PEBD_K@Z 0000000180004000 f i python.obj
 0001:00003090       ??0new_execution_t@@QEAA@XZ 0000000180004090 f i python.obj
 0001:000031a0       ??0ref_vec_t@@QEAA@XZ      00000001800041a0 f i python.obj
 0001:000031c0       ??1?$qvector@PEBU_object@@@@QEAA@XZ 00000001800041c0 f i python.obj
 0001:000031c0       ??1?$_qstring@D@@QEAA@XZ   00000001800041c0 f i python.obj
 0001:000031d0       ??1?$qvector@Ukeywords_style_t@ida_syntax_highlighter_t@@@@QEAA@XZ 00000001800041d0 f i python.obj
 0001:00003270       ??1?$qvector@Umulticmt_t@ida_syntax_highlighter_t@@@@QEAA@XZ 0000000180004270 f i python.obj
 0001:000032e0       ??1newref_t@@QEAA@XZ       00000001800042e0 f i python.obj
 0001:000032e0       ??1borref_t@@QEAA@XZ       00000001800042e0 f i python.obj
 0001:00003330       ??1gil_lock_t@@QEAA@XZ     0000000180004330 f i python.obj
 0001:00003340       ??1idc_value_t@@QEAA@XZ    0000000180004340 f i python.obj
 0001:00003350       ??1new_execution_t@@QEAA@XZ 0000000180004350 f i python.obj
 0001:00003400       ??1ref_t@@QEAA@XZ          0000000180004400 f i python.obj
 0001:00003450       ??1ref_vec_t@@QEAA@XZ      0000000180004450 f i python.obj
 0001:00003490       ??1uninterruptible_op_t@@QEAA@XZ 0000000180004490 f i python.obj
 0001:000034a0       ??4?$_qstring@D@@QEAAAEAV0@PEBD@Z 00000001800044a0 f i python.obj
 0001:00003570       ??_Epython_highlighter_t@@UEAAPEAXI@Z 0000000180004570 f i python.obj
 0001:00003570       ??_Gida_syntax_highlighter_t@@UEAAPEAXI@Z 0000000180004570 f i python.obj
 0001:00003570       ??_Eida_syntax_highlighter_t@@UEAAPEAXI@Z 0000000180004570 f i python.obj
 0001:00003570       ??_Gpython_highlighter_t@@UEAAPEAXI@Z 0000000180004570 f i python.obj
 0001:000035f0       ??_Gpywraps_notify_when_t@@QEAAPEAXI@Z 00000001800045f0 f i python.obj
 0001:00003690       ??_Gsyntax_highlighter_t@@UEAAPEAXI@Z 0000000180004690 f i python.obj
 0001:00003690       ??_Esyntax_highlighter_t@@UEAAPEAXI@Z 0000000180004690 f i python.obj
 0001:000036c0       ?IDAPyStr_AsUTF8@@YA_NPEAV?$_qstring@D@@PEAU_object@@@Z 00000001800046c0 f i python.obj
 0001:00003b90       ?IDAPython_Init@@YA_NXZ    0000000180004b90 f   python.obj
 0001:00004270       ?IDAPython_Term@@YAXXZ     0000000180005270 f   python.obj
 0001:00004a10       ?add_keywords@ida_syntax_highlighter_t@@QEAAXPEBDW4syntax_highlight_style@@@Z 0000000180005a10 f i python.obj
 0001:00004cf0       ?add_multi_line_comment@ida_syntax_highlighter_t@@QEAAXPEBD0@Z 0000000180005cf0 f i python.obj
 0001:00004e10       ?append@?$_qstring@D@@QEAAAEAV1@AEBV1@@Z 0000000180005e10 f i python.obj
 0001:00004ee0       ?append@?$_qstring@D@@QEAAAEAV1@PEBD_K@Z 0000000180005ee0 f i python.obj
 0001:00004f90       ?ask_text@@YA_NPEAV?$_qstring@D@@_KPEBD2ZZ 0000000180005f90 f i python.obj
 0001:00004fd0       ?ask_yn@@YAHHPEBDZZ        0000000180005fd0 f i python.obj
 0001:00005010       ?assign@?$qvector@PEBU_object@@@@AEAAAEAV1@AEBV1@@Z 0000000180006010 f i python.obj
 0001:00005090       ?c_str@idc_value_t@@QEBAPEBDXZ 0000000180006090 f i python.obj
 0001:000050b0       ?clear@?$qvector@Ufuncarg_t@@@@QEAAXXZ 00000001800060b0 f i python.obj
 0001:00005130       ?clear@?$qvector@Uudt_member_t@@@@QEAAXXZ 0000000180006130 f i python.obj
 0001:000051a0       ?clear@?$qvector@V?$_qstring@D@@@@QEAAXXZ 00000001800061a0 f i python.obj
 0001:00005200       ?convert_idc_args@@YAXXZ   0000000180006200 f   python.obj
 0001:00005820       ?deinit@pywraps_notify_when_t@@QEAA_NXZ 0000000180006820 f   python.obj
 0001:00005980       ?erase@?$qvector@Uref_t@@@@QEAAPEAUref_t@@PEAU2@@Z 0000000180006980 f i python.obj
 0001:000061d0       ?grentry@@YA_JW4graph_notification_t@@ZZ 00000001800071d0 f i python.obj
 0001:00006260       ?idb_callback@pywraps_notify_when_t@@CA_JPEAXHPEAD@Z 0000000180007260 f   python.obj
 0001:000062b0       ?idp_callback@pywraps_notify_when_t@@CA_JPEAXHPEAD@Z 00000001800072b0 f   python.obj
 0001:000064e0       ?msg@@YAHPEBDZZ            00000001800074e0 f i python.obj
 0001:00006520       ?notify@processor_t@@QEAA_JW4event_t@1@ZZ 0000000180007520 f i python.obj
 0001:00006550       ?notify@pywraps_notify_when_t@@QEAA_NHZZ 0000000180007550 f   python.obj
 0001:00006580       ?notify_va@pywraps_notify_when_t@@QEAA_NHPEAD@Z 0000000180007580 f   python.obj
 0001:000068e0       ?notify_when@pywraps_notify_when_t@@QEAA_NHPEAU_object@@@Z 00000001800078e0 f   python.obj
 0001:00006c50       ?on_trace@execution_t@@SAHPEAU_object@@PEAU_frame@@H0@Z 0000000180007c50 f   python.obj
 0001:00006ed0       ?parse_plugin_options@@YAXXZ 0000000180007ed0 f   python.obj
 0001:000074c0       ?push_back@?$qvector@Uref_t@@@@QEAAXAEBUref_t@@@Z 00000001800084c0 f i python.obj
 0001:00008b10       ?qclear@?$qvector@Uref_t@@@@QEAAXXZ 0000000180009b10 f i python.obj
 0001:00008cc0       ?shift_down@?$qvector@Uref_t@@@@AEAAXPEAUref_t@@0_K@Z 0000000180009cc0 f i python.obj
 0001:00008d60       ?show_wait_box@@YAXPEBDZZ  0000000180009d60 f i python.obj
 0001:00008da0       ?sprnt@?$_qstring@D@@QEAAAEAV1@PEBDZZ 0000000180009da0 f i python.obj
 0001:00008e60       ?unregister_callback@pywraps_notify_when_t@@AEAAXHPEAU_object@@@Z 0000000180009e60 f   python.obj
 0001:000090b0       ?warning@@YAXPEBDZZ        000000018000a0b0 f i python.obj
 0001:00009380       PyW_CreateIdcException     000000018000a380 f   python.obj
 0001:00009430       PyW_GetError               000000018000a430 f   python.obj
 0001:00009740       PyW_GetNumber              000000018000a740 f   python.obj
 0001:000099a0       PyW_GetNumberAsIDC         000000018000a9a0 f   python.obj
 0001:00009c00       PyW_GetStringAttr          000000018000ac00 f   python.obj
 0001:00009cf0       PyW_IsSequenceType         000000018000acf0 f   python.obj
 0001:00009d80       PyW_ObjectToString         000000018000ad80 f   python.obj
 0001:00009e60       PyW_PyListToEaVec          000000018000ae60 f   python.obj
 0001:00009f10       PyW_PyListToSizeVec        000000018000af10 f   python.obj
 0001:00009fc0       PyW_PyListToStrVec         000000018000afc0 f   python.obj
 0001:0000a090       PyW_ShowCbErr              000000018000b090 f   python.obj
 0001:0000a170       PyW_SizeVecToPyList        000000018000b170 f   python.obj
 0001:0000a280       PyW_TryGetAttrString       000000018000b280 f   python.obj
 0001:0000a380       PyW_TryImportModule        000000018000b380 f   python.obj
 0001:0000a450       PyW_UvalVecToPyList        000000018000b450 f   python.obj
 0001:0000a560       PyW_register_compiled_form 000000018000b560 f   python.obj
 0001:0000a730       PyW_unregister_compiled_form 000000018000b730 f   python.obj
 0001:0000a910       add_notify_when            000000018000b910 f   python.obj
 0001:0000a940       create_linked_class_instance 000000018000b940 f   python.obj
 0001:0000abd0       disable_script_timeout     000000018000bbd0 f   python.obj
 0001:0000ac20       enable_extlang_python      000000018000bc20 f   python.obj
 0001:0000ac40       enable_python_cli          000000018000bc40 f   python.obj
 0001:0000ac70       get_callable_arg_count     000000018000bc70 f   python.obj
 0001:0000aeb0       idapython_convert_cli_completions 000000018000beb0 f   python.obj
 0001:0000b190       idapython_hook_to_notification_point 000000018000c190 f   python.obj
 0001:0000b1a0       idapython_unhook_from_notification_point 000000018000c1a0 f   python.obj
 0001:0000b1c0       idcvar_to_pyvar            000000018000c1c0 f   python.obj
 0001:0000bea0       lookup_info_t_commit       000000018000cea0 f   python.obj
 0001:0000bf40       lookup_info_t_del_by_py_view 000000018000cf40 f   python.obj
 0001:0000bfa0       lookup_info_t_find_by_py_view 000000018000cfa0 f   python.obj
 0001:0000bfe0       lookup_info_t_find_by_view 000000018000cfe0 f   python.obj
 0001:0000c020       lookup_info_t_new_entry    000000018000d020 f   python.obj
 0001:0000c0c0       meminfo_vec_t_to_py        000000018000d0c0 f   python.obj
 0001:0000c1e0       prepare_programmatic_plugin_load 000000018000d1e0 f   python.obj
 0001:0000c1f0       py_customidamemo_t_bind    000000018000d1f0 f   python.obj
 0001:0000c350       py_customidamemo_t_collect_class_callbacks_ids 000000018000d350 f   python.obj
 0001:0000c4a0       py_customidamemo_t_collect_pyobject_callbacks 000000018000d4a0 f   python.obj
 0001:0000c660       py_customidamemo_t_create_groups 000000018000d660 f   python.obj
 0001:0000cd70       py_customidamemo_t_delete_groups 000000018000dd70 f   python.obj
 0001:0000cf10       py_customidamemo_t_set_groups_visibility 000000018000df10 f   python.obj
 0001:0000d110       py_customidamemo_t_unbind  000000018000e110 f   python.obj
 0001:0000d220       pyobj_get_clink            000000018000e220 f   python.obj
 0001:0000d310       python_timer_del           000000018000e310 f   python.obj
 0001:0000d3b0       python_timer_new           000000018000e3b0 f   python.obj
 0001:0000d450       pyvar_to_idcvar            000000018000e450 f   python.obj
 0001:0000d4f0       pyvar_to_idcvar_or_error   000000018000e4f0 f   python.obj
 0001:0000d5f0       pyvar_walk_list            000000018000e5f0 f   python.obj
 0001:0000d670       pyw_convert_idc_args       000000018000e670 f   python.obj
 0001:0000dad0       register_module_lifecycle_callbacks 000000018000ead0 f   python.obj
 0001:0000db40       set_interruptible_state    000000018000eb40 f   python.obj
 0001:0000db50       set_script_timeout         000000018000eb50 f   python.obj
 0001:0000dbd0       til_deregister_python_array_type_data_t_instance 000000018000ebd0 f   python.obj
 0001:0000dc50       til_deregister_python_func_type_data_t_instance 000000018000ec50 f   python.obj
 0001:0000dce0       til_deregister_python_ptr_type_data_t_instance 000000018000ece0 f   python.obj
 0001:0000dd70       til_deregister_python_tinfo_t_instance 000000018000ed70 f   python.obj
 0001:0000ddf0       til_deregister_python_udt_type_data_t_instance 000000018000edf0 f   python.obj
 0001:0000de70       til_register_python_array_type_data_t_instance 000000018000ee70 f   python.obj
 0001:0000df00       til_register_python_func_type_data_t_instance 000000018000ef00 f   python.obj
 0001:0000df90       til_register_python_ptr_type_data_t_instance 000000018000ef90 f   python.obj
 0001:0000e020       til_register_python_tinfo_t_instance 000000018000f020 f   python.obj
 0001:0000e0b0       til_register_python_udt_type_data_t_instance 000000018000f0b0 f   python.obj
 0001:0000e140       try_create_swig_wrapper    000000018000f140 f   python.obj
 0001:0000e2cc       set_qerrno                 000000018000f2cc f   ida:ida.dll
 0001:0000e2d2       interr                     000000018000f2d2 f   ida:ida.dll
 0001:0000e2d8       qfree                      000000018000f2d8 f   ida:ida.dll
 0001:0000e2de       strrpl                     000000018000f2de f   ida:ida.dll
 0001:0000e2e4       qstrncpy                   000000018000f2e4 f   ida:ida.dll
 0001:0000e2ea       qstrtok                    000000018000f2ea f   ida:ida.dll
 0001:0000e2f0       qsnprintf                  000000018000f2f0 f   ida:ida.dll
 0001:0000e2f6       qvsnprintf                 000000018000f2f6 f   ida:ida.dll
 0001:0000e2fc       qmakepath                  000000018000f2fc f   ida:ida.dll
 0001:0000e302       qgetcwd                    000000018000f302 f   ida:ida.dll
 0001:0000e308       qdirname                   000000018000f308 f   ida:ida.dll
 0001:0000e30e       qbasename                  000000018000f30e f   ida:ida.dll
 0001:0000e314       get_file_ext               000000018000f314 f   ida:ida.dll
 0001:0000e31a       qfileexist                 000000018000f31a f   ida:ida.dll
 0001:0000e320       qalloc_or_throw            000000018000f320 f   ida:ida.dll
 0001:0000e326       qvector_reserve            000000018000f326 f   ida:ida.dll
 0001:0000e32c       utf8_utf16                 000000018000f32c f   ida:ida.dll
 0001:0000e332       hook_to_notification_point 000000018000f332 f   ida:ida.dll
 0001:0000e338       unhook_from_notification_point 000000018000f338 f   ida:ida.dll
 0001:0000e33e       invoke_callbacks           000000018000f33e f   ida:ida.dll
 0001:0000e344       qfopen                     000000018000f344 f   ida:ida.dll
 0001:0000e34a       qfread                     000000018000f34a f   ida:ida.dll
 0001:0000e350       qfclose                    000000018000f350 f   ida:ida.dll
 0001:0000e356       netnode_check              000000018000f356 f   ida:ida.dll
 0001:0000e35c       netnode_qgetblob           000000018000f35c f   ida:ida.dll
 0001:0000e362       netnode_setblob            000000018000f362 f   ida:ida.dll
 0001:0000e368       read_config                000000018000f368 f   ida:ida.dll
 0001:0000e36e       idcv_object                000000018000f36e f   ida:ida.dll
 0001:0000e374       free_idcv                  000000018000f374 f   ida:ida.dll
 0001:0000e37a       get_idcv_attr              000000018000f37a f   ida:ida.dll
 0001:0000e380       set_idcv_attr              000000018000f380 f   ida:ida.dll
 0001:0000e386       first_idcv_attr            000000018000f386 f   ida:ida.dll
 0001:0000e38c       next_idcv_attr             000000018000f38c f   ida:ida.dll
 0001:0000e392       add_idc_class              000000018000f392 f   ida:ida.dll
 0001:0000e398       find_idc_class             000000018000f398 f   ida:ida.dll
 0001:0000e39e       set_idc_dtor               000000018000f39e f   ida:ida.dll
 0001:0000e3a4       deref_idcv                 000000018000f3a4 f   ida:ida.dll
 0001:0000e3aa       create_idcv_ref            000000018000f3aa f   ida:ida.dll
 0001:0000e3b0       add_idc_gvar               000000018000f3b0 f   ida:ida.dll
 0001:0000e3b6       find_idc_gvar              000000018000f3b6 f   ida:ida.dll
 0001:0000e3bc       add_idc_func               000000018000f3bc f   ida:ida.dll
 0001:0000e3c2       del_idc_func               000000018000f3c2 f   ida:ida.dll
 0001:0000e3c8       install_extlang            000000018000f3c8 f   ida:ida.dll
 0001:0000e3ce       remove_extlang             000000018000f3ce f   ida:ida.dll
 0001:0000e3d4       select_extlang             000000018000f3d4 f   ida:ida.dll
 0001:0000e3da       idadir                     000000018000f3da f   ida:ida.dll
 0001:0000e3e0       qfsize                     000000018000f3e0 f   ida:ida.dll
 0001:0000e3e6       get_free_disk_space        000000018000f3e6 f   ida:ida.dll
 0001:0000e3ec       get_plugin_options         000000018000f3ec f   ida:ida.dll
 0001:0000e3f2       code_highlight_block       000000018000f3f2 f   ida:ida.dll
 0001:0000e3f8       cleanup_argloc             000000018000f3f8 f   ida:ida.dll
 0001:0000e3fe       clear_tinfo_t              000000018000f3fe f   ida:ida.dll
 0001:0000e404       ieee_realcvt               000000018000f404 f   ida:ida.dll
 0001:0000e40c       ??_L@YAXPEAX_K1P6AX0@Z2@Z  000000018000f40c f   MSVCRT:ehvecctr.obj
 0001:0000e47c       ??_M@YAXPEAX_K1P6AX0@Z@Z   000000018000f47c f   MSVCRT:ehvecdtr.obj
 0001:0000e4e8       ?__ArrayUnwind@@YAXPEAX_K1P6AX0@Z@Z 000000018000f4e8 f   MSVCRT:ehvecdtr.obj
 0001:0000e54c       ??2@YAPEAX_K@Z             000000018000f54c f   MSVCRT:new_scalar.obj
 0001:0000e588       ??3@YAXPEAX_K@Z            000000018000f588 f   MSVCRT:delete_scalar_size.obj
 0001:0000e590       __scrt_acquire_startup_lock 000000018000f590 f   MSVCRT:utility.obj
 0001:0000e5cc       __scrt_dllmain_after_initialize_c 000000018000f5cc f   MSVCRT:utility.obj
 0001:0000e600       __scrt_dllmain_before_initialize_c 000000018000f600 f   MSVCRT:utility.obj
 0001:0000e618       __scrt_dllmain_crt_thread_attach 000000018000f618 f   MSVCRT:utility.obj
 0001:0000e640       __scrt_dllmain_crt_thread_detach 000000018000f640 f   MSVCRT:utility.obj
 0001:0000e658       __scrt_dllmain_exception_filter 000000018000f658 f   MSVCRT:utility.obj
 0001:0000e6b8       __scrt_dllmain_uninitialize_c 000000018000f6b8 f   MSVCRT:utility.obj
 0001:0000e6e8       __scrt_dllmain_uninitialize_critical 000000018000f6e8 f   MSVCRT:utility.obj
 0001:0000e6fc       __scrt_initialize_crt      000000018000f6fc f   MSVCRT:utility.obj
 0001:0000e748       __scrt_initialize_onexit_tables 000000018000f748 f   MSVCRT:utility.obj
 0001:0000e820       __scrt_is_nonwritable_in_current_image 000000018000f820 f   MSVCRT:utility.obj
 0001:0000e8bc       __scrt_release_startup_lock 000000018000f8bc f   MSVCRT:utility.obj
 0001:0000e8e0       __scrt_uninitialize_crt    000000018000f8e0 f   MSVCRT:utility.obj
 0001:0000e90c       _onexit                    000000018000f90c f   MSVCRT:utility.obj
 0001:0000e95c       atexit                     000000018000f95c f   MSVCRT:utility.obj
 0001:0000eafc       _Init_thread_footer        000000018000fafc f   MSVCRT:thread_safe_statics.obj
 0001:0000eb5c       _Init_thread_header        000000018000fb5c f   MSVCRT:thread_safe_statics.obj
 0001:0000ebc4       _Init_thread_notify        000000018000fbc4 f   MSVCRT:thread_safe_statics.obj
 0001:0000ec14       _Init_thread_wait          000000018000fc14 f   MSVCRT:thread_safe_statics.obj
 0001:0000ec8c       __GSHandlerCheck           000000018000fc8c f   MSVCRT:gshandler.obj
 0001:0000ecac       __GSHandlerCheckCommon     000000018000fcac f   MSVCRT:gshandler.obj
 0001:0000ed08       __GSHandlerCheck_EH        000000018000fd08 f   MSVCRT:gshandlereh.obj
 0001:0000eda0       __security_check_cookie    000000018000fda0 f   MSVCRT:amdsecgs.obj
 0001:0000f0f4       _DllMainCRTStartup         00000001800100f4 f   MSVCRT:dll_dllmain.obj
 0001:0000f134       _guard_check_icall_nop     0000000180010134 f i MSVCRT:guard_support.obj
 0001:0000f138       ??0bad_alloc@std@@QEAA@AEBV01@@Z 0000000180010138 f i MSVCRT:throw_bad_alloc.obj
 0001:0000f178       ??0bad_alloc@std@@QEAA@XZ  0000000180010178 f i MSVCRT:throw_bad_alloc.obj
 0001:0000f198       ??0bad_array_new_length@std@@QEAA@AEBV01@@Z 0000000180010198 f i MSVCRT:throw_bad_alloc.obj
 0001:0000f1d8       ??0bad_array_new_length@std@@QEAA@XZ 00000001800101d8 f i MSVCRT:throw_bad_alloc.obj
 0001:0000f1f8       ??0exception@std@@QEAA@AEBV01@@Z 00000001800101f8 f i MSVCRT:throw_bad_alloc.obj
 0001:0000f230       ??1bad_alloc@std@@UEAA@XZ  0000000180010230 f i MSVCRT:throw_bad_alloc.obj
 0001:0000f230       ??1bad_array_new_length@std@@UEAA@XZ 0000000180010230 f i MSVCRT:throw_bad_alloc.obj
 0001:0000f244       ??_Gbad_alloc@std@@UEAAPEAXI@Z 0000000180010244 f i MSVCRT:throw_bad_alloc.obj
 0001:0000f244       ??_Ebad_array_new_length@std@@UEAAPEAXI@Z 0000000180010244 f i MSVCRT:throw_bad_alloc.obj
 0001:0000f244       ??_Gexception@std@@UEAAPEAXI@Z 0000000180010244 f i MSVCRT:throw_bad_alloc.obj
 0001:0000f244       ??_Gbad_array_new_length@std@@UEAAPEAXI@Z 0000000180010244 f i MSVCRT:throw_bad_alloc.obj
 0001:0000f244       ??_Ebad_alloc@std@@UEAAPEAXI@Z 0000000180010244 f i MSVCRT:throw_bad_alloc.obj
 0001:0000f244       ??_Eexception@std@@UEAAPEAXI@Z 0000000180010244 f i MSVCRT:throw_bad_alloc.obj
 0001:0000f288       ?__scrt_throw_std_bad_alloc@@YAXXZ 0000000180010288 f   MSVCRT:throw_bad_alloc.obj
 0001:0000f2a8       ?__scrt_throw_std_bad_array_new_length@@YAXXZ 00000001800102a8 f   MSVCRT:throw_bad_alloc.obj
 0001:0000f2c8       ?what@exception@std@@UEBAPEBDXZ 00000001800102c8 f i MSVCRT:throw_bad_alloc.obj
 0001:0000f2dc       ??3@YAXPEAX@Z              00000001800102dc f   MSVCRT:delete_scalar.obj
 0001:0000f2e4       __isa_available_init       00000001800102e4 f   MSVCRT:cpu_disp.obj
 0001:0000f460       _get_startup_argv_mode     0000000180010460 f   MSVCRT:argv_mode.obj
 0001:0000f468       __scrt_is_ucrt_dll_in_use  0000000180010468 f   MSVCRT:ucrt_detection.obj
 0001:0000f474       __crt_debugger_hook        0000000180010474 f   MSVCRT:utility_desktop.obj
 0001:0000f47c       __scrt_fastfail            000000018001047c f   MSVCRT:utility_desktop.obj
 0001:0000f5c8       __raise_securityfailure    00000001800105c8 f   MSVCRT:gs_report.obj
 0001:0000f5fc       __report_gsfailure         00000001800105fc f   MSVCRT:gs_report.obj
 0001:0000f744       __security_init_cookie     0000000180010744 f   MSVCRT:gs_support.obj
 0001:0000f7f0       DllMain                    00000001800107f0 f   MSVCRT:dll_dllmain_stub.obj
 0001:0000f814       ?__scrt_initialize_type_info@@YAXXZ 0000000180010814 f   MSVCRT:tncleanup.obj
 0001:0000f824       ?__scrt_uninitialize_type_info@@YAXXZ 0000000180010824 f   MSVCRT:tncleanup.obj
 0001:0000f830       __local_stdio_printf_options 0000000180010830 f i MSVCRT:default_local_stdio_options.obj
 0001:0000f838       __local_stdio_scanf_options 0000000180010838 f i MSVCRT:default_local_stdio_options.obj
 0001:0000f840       __scrt_initialize_default_local_stdio_options 0000000180010840 f   MSVCRT:default_local_stdio_options.obj
 0001:0000f85c       __scrt_get_dyn_tls_init_callback 000000018001085c f   MSVCRT:dyn_tls_init.obj
 0001:0000f864       _RTC_Initialize            0000000180010864 f   MSVCRT:initsect.obj
 0001:0000f8a0       _RTC_Terminate             00000001800108a0 f   MSVCRT:initsect.obj
 0001:0000f8e0       ??_Etype_info@@UEAAPEAXI@Z 00000001800108e0 f i MSVCRT:std_type_info_static.obj
 0001:0000f8e0       ??_Gtype_info@@UEAAPEAXI@Z 00000001800108e0 f i MSVCRT:std_type_info_static.obj
 0001:0000f90b       IsProcessorFeaturePresent  000000018001090b f   kernel32:KERNEL32.dll
 0001:0000f911       __std_terminate            0000000180010911 f   vcruntime:VCRUNTIME140.dll
 0001:0000f917       strchr                     0000000180010917 f   vcruntime:VCRUNTIME140.dll
 0001:0000f91d       strrchr                    000000018001091d f   vcruntime:VCRUNTIME140.dll
 0001:0000f923       strstr                     0000000180010923 f   vcruntime:VCRUNTIME140.dll
 0001:0000f929       __CxxFrameHandler3         0000000180010929 f   vcruntime:VCRUNTIME140.dll
 0001:0000f92f       memcpy                     000000018001092f f   vcruntime:VCRUNTIME140.dll
 0001:0000f935       memmove                    0000000180010935 f   vcruntime:VCRUNTIME140.dll
 0001:0000f93b       memset                     000000018001093b f   vcruntime:VCRUNTIME140.dll
 0001:0000f941       __C_specific_handler       0000000180010941 f   vcruntime:VCRUNTIME140.dll
 0001:0000f947       __std_exception_copy       0000000180010947 f   vcruntime:VCRUNTIME140.dll
 0001:0000f94d       __std_exception_destroy    000000018001094d f   vcruntime:VCRUNTIME140.dll
 0001:0000f953       _CxxThrowException         0000000180010953 f   vcruntime:VCRUNTIME140.dll
 0001:0000f959       __std_type_info_destroy_list 0000000180010959 f   vcruntime:VCRUNTIME140.dll
 0001:0000f95f       strcmp                     000000018001095f f   ucrt:api-ms-win-crt-string-l1-1-0.dll
 0001:0000f965       terminate                  0000000180010965 f   ucrt:api-ms-win-crt-runtime-l1-1-0.dll
 0001:0000f96b       _callnewh                  000000018001096b f   ucrt:api-ms-win-crt-heap-l1-1-0.dll
 0001:0000f971       malloc                     0000000180010971 f   ucrt:api-ms-win-crt-heap-l1-1-0.dll
 0001:0000f977       _seh_filter_dll            0000000180010977 f   ucrt:api-ms-win-crt-runtime-l1-1-0.dll
 0001:0000f97d       _configure_narrow_argv     000000018001097d f   ucrt:api-ms-win-crt-runtime-l1-1-0.dll
 0001:0000f983       _initialize_narrow_environment 0000000180010983 f   ucrt:api-ms-win-crt-runtime-l1-1-0.dll
 0001:0000f989       _initialize_onexit_table   0000000180010989 f   ucrt:api-ms-win-crt-runtime-l1-1-0.dll
 0001:0000f98f       _register_onexit_function  000000018001098f f   ucrt:api-ms-win-crt-runtime-l1-1-0.dll
 0001:0000f995       _execute_onexit_table      0000000180010995 f   ucrt:api-ms-win-crt-runtime-l1-1-0.dll
 0001:0000f99b       _crt_atexit                000000018001099b f   ucrt:api-ms-win-crt-runtime-l1-1-0.dll
 0001:0000f9a1       _cexit                     00000001800109a1 f   ucrt:api-ms-win-crt-runtime-l1-1-0.dll
 0001:0000f9a7       _initterm                  00000001800109a7 f   ucrt:api-ms-win-crt-runtime-l1-1-0.dll
 0001:0000f9ad       _initterm_e                00000001800109ad f   ucrt:api-ms-win-crt-runtime-l1-1-0.dll
 0001:0000f9b3       free                       00000001800109b3 f   ucrt:api-ms-win-crt-heap-l1-1-0.dll
 0001:0000f9bc       __acrt_uninitialize_critical 00000001800109bc f   MSVCRT:ucrt_stubs.obj
 0001:0000f9bc       __acrt_initialize          00000001800109bc f   MSVCRT:ucrt_stubs.obj
 0001:0000f9bc       __scrt_stub_for_acrt_thread_attach 00000001800109bc f   MSVCRT:ucrt_stubs.obj
 0001:0000f9bc       __vcrt_thread_detach       00000001800109bc f   MSVCRT:ucrt_stubs.obj
 0001:0000f9bc       __vcrt_uninitialize        00000001800109bc f   MSVCRT:ucrt_stubs.obj
 0001:0000f9bc       __vcrt_initialize          00000001800109bc f   MSVCRT:ucrt_stubs.obj
 0001:0000f9bc       __acrt_thread_attach       00000001800109bc f   MSVCRT:ucrt_stubs.obj
 0001:0000f9bc       __acrt_thread_detach       00000001800109bc f   MSVCRT:ucrt_stubs.obj
 0001:0000f9bc       __scrt_stub_for_acrt_initialize 00000001800109bc f   MSVCRT:ucrt_stubs.obj
 0001:0000f9bc       __scrt_stub_for_acrt_uninitialize_critical 00000001800109bc f   MSVCRT:ucrt_stubs.obj
 0001:0000f9bc       __scrt_stub_for_acrt_uninitialize 00000001800109bc f   MSVCRT:ucrt_stubs.obj
 0001:0000f9bc       __vcrt_thread_attach       00000001800109bc f   MSVCRT:ucrt_stubs.obj
 0001:0000f9bc       __vcrt_uninitialize_critical 00000001800109bc f   MSVCRT:ucrt_stubs.obj
 0001:0000f9bc       __acrt_uninitialize        00000001800109bc f   MSVCRT:ucrt_stubs.obj
 0001:0000f9bc       __scrt_stub_for_acrt_thread_detach 00000001800109bc f   MSVCRT:ucrt_stubs.obj
 0001:0000f9c0       __scrt_stub_for_is_c_termination_complete 00000001800109c0 f   MSVCRT:ucrt_stubs.obj
 0001:0000f9c0       _is_c_termination_complete 00000001800109c0 f   MSVCRT:ucrt_stubs.obj
 0001:0000f9e0       _guard_dispatch_icall_nop  00000001800109e0 f   MSVCRT:guard_dispatch.obj
 0002:00000000       __imp_CloseHandle          0000000180012000     kernel32:KERNEL32.dll
 0002:00000008       __imp_EnterCriticalSection 0000000180012008     kernel32:KERNEL32.dll
 0002:00000010       __imp_LeaveCriticalSection 0000000180012010     kernel32:KERNEL32.dll
 0002:00000018       __imp_InitializeCriticalSectionAndSpinCount 0000000180012018     kernel32:KERNEL32.dll
 0002:00000020       __imp_DeleteCriticalSection 0000000180012020     kernel32:KERNEL32.dll
 0002:00000028       __imp_SetEvent             0000000180012028     kernel32:KERNEL32.dll
 0002:00000030       __imp_ResetEvent           0000000180012030     kernel32:KERNEL32.dll
 0002:00000038       __imp_WaitForSingleObjectEx 0000000180012038     kernel32:KERNEL32.dll
 0002:00000040       __imp_CreateEventW         0000000180012040     kernel32:KERNEL32.dll
 0002:00000048       __imp_GetModuleHandleW     0000000180012048     kernel32:KERNEL32.dll
 0002:00000050       __imp_GetProcAddress       0000000180012050     kernel32:KERNEL32.dll
 0002:00000058       __imp_RtlCaptureContext    0000000180012058     kernel32:KERNEL32.dll
 0002:00000060       __imp_RtlLookupFunctionEntry 0000000180012060     kernel32:KERNEL32.dll
 0002:00000068       __imp_RtlVirtualUnwind     0000000180012068     kernel32:KERNEL32.dll
 0002:00000070       __imp_IsDebuggerPresent    0000000180012070     kernel32:KERNEL32.dll
 0002:00000078       __imp_UnhandledExceptionFilter 0000000180012078     kernel32:KERNEL32.dll
 0002:00000080       __imp_SetUnhandledExceptionFilter 0000000180012080     kernel32:KERNEL32.dll
 0002:00000088       __imp_IsProcessorFeaturePresent 0000000180012088     kernel32:KERNEL32.dll
 0002:00000090       __imp_GetCurrentProcess    0000000180012090     kernel32:KERNEL32.dll
 0002:00000098       __imp_TerminateProcess     0000000180012098     kernel32:KERNEL32.dll
 0002:000000a0       __imp_QueryPerformanceCounter 00000001800120a0     kernel32:KERNEL32.dll
 0002:000000a8       __imp_GetCurrentProcessId  00000001800120a8     kernel32:KERNEL32.dll
 0002:000000b0       __imp_GetCurrentThreadId   00000001800120b0     kernel32:KERNEL32.dll
 0002:000000b8       __imp_GetSystemTimeAsFileTime 00000001800120b8     kernel32:KERNEL32.dll
 0002:000000c0       __imp_DisableThreadLibraryCalls 00000001800120c0     kernel32:KERNEL32.dll
 0002:000000c8       __imp_InitializeSListHead  00000001800120c8     kernel32:KERNEL32.dll
 0002:000000d0       \177KERNEL32_NULL_THUNK_DATA 00000001800120d0     kernel32:KERNEL32.dll
 0002:000000d8       __imp___std_terminate      00000001800120d8     vcruntime:VCRUNTIME140.dll
 0002:000000e0       __imp_strchr               00000001800120e0     vcruntime:VCRUNTIME140.dll
 0002:000000e8       __imp_strrchr              00000001800120e8     vcruntime:VCRUNTIME140.dll
 0002:000000f0       __imp_strstr               00000001800120f0     vcruntime:VCRUNTIME140.dll
 0002:000000f8       __imp___CxxFrameHandler3   00000001800120f8     vcruntime:VCRUNTIME140.dll
 0002:00000100       __imp_memcpy               0000000180012100     vcruntime:VCRUNTIME140.dll
 0002:00000108       __imp_memmove              0000000180012108     vcruntime:VCRUNTIME140.dll
 0002:00000110       __imp_memset               0000000180012110     vcruntime:VCRUNTIME140.dll
 0002:00000118       __imp___C_specific_handler 0000000180012118     vcruntime:VCRUNTIME140.dll
 0002:00000120       __imp___std_exception_copy 0000000180012120     vcruntime:VCRUNTIME140.dll
 0002:00000128       __imp___std_exception_destroy 0000000180012128     vcruntime:VCRUNTIME140.dll
 0002:00000130       __imp__CxxThrowException   0000000180012130     vcruntime:VCRUNTIME140.dll
 0002:00000138       __imp___std_type_info_destroy_list 0000000180012138     vcruntime:VCRUNTIME140.dll
 0002:00000140       \177VCRUNTIME140_NULL_THUNK_DATA 0000000180012140     vcruntime:VCRUNTIME140.dll
 0002:00000148       __imp_malloc               0000000180012148     ucrt:api-ms-win-crt-heap-l1-1-0.dll
 0002:00000150       __imp_free                 0000000180012150     ucrt:api-ms-win-crt-heap-l1-1-0.dll
 0002:00000158       __imp__callnewh            0000000180012158     ucrt:api-ms-win-crt-heap-l1-1-0.dll
 0002:00000160       \177api-ms-win-crt-heap-l1-1-0_NULL_THUNK_DATA 0000000180012160     ucrt:api-ms-win-crt-heap-l1-1-0.dll
 0002:00000168       __imp__initterm_e          0000000180012168     ucrt:api-ms-win-crt-runtime-l1-1-0.dll
 0002:00000170       __imp_terminate            0000000180012170     ucrt:api-ms-win-crt-runtime-l1-1-0.dll
 0002:00000178       __imp__seh_filter_dll      0000000180012178     ucrt:api-ms-win-crt-runtime-l1-1-0.dll
 0002:00000180       __imp__configure_narrow_argv 0000000180012180     ucrt:api-ms-win-crt-runtime-l1-1-0.dll
 0002:00000188       __imp__initialize_narrow_environment 0000000180012188     ucrt:api-ms-win-crt-runtime-l1-1-0.dll
 0002:00000190       __imp__initialize_onexit_table 0000000180012190     ucrt:api-ms-win-crt-runtime-l1-1-0.dll
 0002:00000198       __imp__register_onexit_function 0000000180012198     ucrt:api-ms-win-crt-runtime-l1-1-0.dll
 0002:000001a0       __imp__execute_onexit_table 00000001800121a0     ucrt:api-ms-win-crt-runtime-l1-1-0.dll
 0002:000001a8       __imp__crt_atexit          00000001800121a8     ucrt:api-ms-win-crt-runtime-l1-1-0.dll
 0002:000001b0       __imp__cexit               00000001800121b0     ucrt:api-ms-win-crt-runtime-l1-1-0.dll
 0002:000001b8       __imp__initterm            00000001800121b8     ucrt:api-ms-win-crt-runtime-l1-1-0.dll
 0002:000001c0       \177api-ms-win-crt-runtime-l1-1-0_NULL_THUNK_DATA 00000001800121c0     ucrt:api-ms-win-crt-runtime-l1-1-0.dll
 0002:000001c8       __imp_strcmp               00000001800121c8     ucrt:api-ms-win-crt-string-l1-1-0.dll
 0002:000001d0       __imp_isspace              00000001800121d0     ucrt:api-ms-win-crt-string-l1-1-0.dll
 0002:000001d8       __imp_strncmp              00000001800121d8     ucrt:api-ms-win-crt-string-l1-1-0.dll
 0002:000001e0       \177api-ms-win-crt-string-l1-1-0_NULL_THUNK_DATA 00000001800121e0     ucrt:api-ms-win-crt-string-l1-1-0.dll
 0002:000001e8       __imp__time64              00000001800121e8     ucrt:api-ms-win-crt-time-l1-1-0.dll
 0002:000001f0       \177api-ms-win-crt-time-l1-1-0_NULL_THUNK_DATA 00000001800121f0     ucrt:api-ms-win-crt-time-l1-1-0.dll
 0002:000001f8       __imp_rand                 00000001800121f8     ucrt:api-ms-win-crt-utility-l1-1-0.dll
 0002:00000200       \177api-ms-win-crt-utility-l1-1-0_NULL_THUNK_DATA 0000000180012200     ucrt:api-ms-win-crt-utility-l1-1-0.dll
 0002:00000208       __imp_under_debugger       0000000180012208     ida:ida.dll
 0002:00000210       __imp_ieee_realcvt         0000000180012210     ida:ida.dll
 0002:00000218       __imp_ph                   0000000180012218     ida:ida.dll
 0002:00000220       __imp_cleanup_argloc       0000000180012220     ida:ida.dll
 0002:00000228       __imp_code_highlight_block 0000000180012228     ida:ida.dll
 0002:00000230       __imp_callui               0000000180012230     ida:ida.dll
 0002:00000238       __imp_remove_extlang       0000000180012238     ida:ida.dll
 0002:00000240       __imp_install_extlang      0000000180012240     ida:ida.dll
 0002:00000248       __imp_get_free_disk_space  0000000180012248     ida:ida.dll
 0002:00000250       __imp_select_extlang       0000000180012250     ida:ida.dll
 0002:00000258       __imp_idadir               0000000180012258     ida:ida.dll
 0002:00000260       __imp_get_plugin_options   0000000180012260     ida:ida.dll
 0002:00000268       __imp_debug                0000000180012268     ida:ida.dll
 0002:00000270       __imp_clear_tinfo_t        0000000180012270     ida:ida.dll
 0002:00000278       __imp_del_idc_func         0000000180012278     ida:ida.dll
 0002:00000280       __imp_add_idc_func         0000000180012280     ida:ida.dll
 0002:00000288       __imp_find_idc_gvar        0000000180012288     ida:ida.dll
 0002:00000290       __imp_add_idc_gvar         0000000180012290     ida:ida.dll
 0002:00000298       __imp_create_idcv_ref      0000000180012298     ida:ida.dll
 0002:000002a0       __imp_deref_idcv           00000001800122a0     ida:ida.dll
 0002:000002a8       __imp_set_idc_dtor         00000001800122a8     ida:ida.dll
 0002:000002b0       __imp_find_idc_class       00000001800122b0     ida:ida.dll
 0002:000002b8       __imp_add_idc_class        00000001800122b8     ida:ida.dll
 0002:000002c0       __imp_next_idcv_attr       00000001800122c0     ida:ida.dll
 0002:000002c8       __imp_first_idcv_attr      00000001800122c8     ida:ida.dll
 0002:000002d0       __imp_set_idcv_attr        00000001800122d0     ida:ida.dll
 0002:000002d8       __imp_get_idcv_attr        00000001800122d8     ida:ida.dll
 0002:000002e0       __imp_free_idcv            00000001800122e0     ida:ida.dll
 0002:000002e8       __imp_idcv_object          00000001800122e8     ida:ida.dll
 0002:000002f0       __imp_read_config          00000001800122f0     ida:ida.dll
 0002:000002f8       __imp_netnode_setblob      00000001800122f8     ida:ida.dll
 0002:00000300       __imp_netnode_qgetblob     0000000180012300     ida:ida.dll
 0002:00000308       __imp_netnode_check        0000000180012308     ida:ida.dll
 0002:00000310       __imp_qfclose              0000000180012310     ida:ida.dll
 0002:00000318       __imp_qfread               0000000180012318     ida:ida.dll
 0002:00000320       __imp_qfopen               0000000180012320     ida:ida.dll
 0002:00000328       __imp_invoke_callbacks     0000000180012328     ida:ida.dll
 0002:00000330       __imp_unhook_from_notification_point 0000000180012330     ida:ida.dll
 0002:00000338       __imp_hook_to_notification_point 0000000180012338     ida:ida.dll
 0002:00000340       __imp_utf8_utf16           0000000180012340     ida:ida.dll
 0002:00000348       __imp_qvector_reserve      0000000180012348     ida:ida.dll
 0002:00000350       __imp_qalloc_or_throw      0000000180012350     ida:ida.dll
 0002:00000358       __imp_qfileexist           0000000180012358     ida:ida.dll
 0002:00000360       __imp_set_qerrno           0000000180012360     ida:ida.dll
 0002:00000368       __imp_get_file_ext         0000000180012368     ida:ida.dll
 0002:00000370       __imp_qbasename            0000000180012370     ida:ida.dll
 0002:00000378       __imp_qdirname             0000000180012378     ida:ida.dll
 0002:00000380       __imp_qgetcwd              0000000180012380     ida:ida.dll
 0002:00000388       __imp_qmakepath            0000000180012388     ida:ida.dll
 0002:00000390       __imp_qvsnprintf           0000000180012390     ida:ida.dll
 0002:00000398       __imp_qsnprintf            0000000180012398     ida:ida.dll
 0002:000003a0       __imp_qstrtok              00000001800123a0     ida:ida.dll
 0002:000003a8       __imp_qstrncpy             00000001800123a8     ida:ida.dll
 0002:000003b0       __imp_strrpl               00000001800123b0     ida:ida.dll
 0002:000003b8       __imp_qfree                00000001800123b8     ida:ida.dll
 0002:000003c0       __imp_interr               00000001800123c0     ida:ida.dll
 0002:000003c8       __imp_qfsize               00000001800123c8     ida:ida.dll
 0002:000003d0       \177ida_NULL_THUNK_DATA    00000001800123d0     ida:ida.dll
 0002:000003d8       __imp_PyEval_ReleaseThread 00000001800123d8     python37:python37.dll
 0002:000003e0       __imp_PySys_GetObject      00000001800123e0     python37:python37.dll
 0002:000003e8       __imp_PySys_SetPath        00000001800123e8     python37:python37.dll
 0002:000003f0       __imp_PyImport_AddModule   00000001800123f0     python37:python37.dll
 0002:000003f8       __imp_PyImport_ImportModule 00000001800123f8     python37:python37.dll
 0002:00000400       __imp_PyObject_CallObject  0000000180012400     python37:python37.dll
 0002:00000408       __imp_PyObject_CallFunction 0000000180012408     python37:python37.dll
 0002:00000410       __imp_PyObject_CallMethod  0000000180012410     python37:python37.dll
 0002:00000418       __imp_PyObject_CallFunctionObjArgs 0000000180012418     python37:python37.dll
 0002:00000420       __imp_PyNumber_Check       0000000180012420     python37:python37.dll
 0002:00000428       __imp_PyNumber_And         0000000180012428     python37:python37.dll
 0002:00000430       __imp_PySequence_Check     0000000180012430     python37:python37.dll
 0002:00000438       __imp_PySequence_Size      0000000180012438     python37:python37.dll
 0002:00000440       __imp_PySequence_GetItem   0000000180012440     python37:python37.dll
 0002:00000448       __imp_PyObject_IsInstance  0000000180012448     python37:python37.dll
 0002:00000450       __imp_PyEval_EvalCode      0000000180012450     python37:python37.dll
 0002:00000458       __imp_PyEval_EvalCodeEx    0000000180012458     python37:python37.dll
 0002:00000460       __imp__Py_NoneStruct       0000000180012460     python37:python37.dll
 0002:00000468       __imp_Py_NoSiteFlag        0000000180012468     python37:python37.dll
 0002:00000470       __imp_PyLong_Type          0000000180012470     python37:python37.dll
 0002:00000478       __imp_PyBool_Type          0000000180012478     python37:python37.dll
 0002:00000480       __imp__Py_FalseStruct      0000000180012480     python37:python37.dll
 0002:00000488       __imp__Py_TrueStruct       0000000180012488     python37:python37.dll
 0002:00000490       __imp_PyFloat_Type         0000000180012490     python37:python37.dll
 0002:00000498       __imp_PyList_Type          0000000180012498     python37:python37.dll
 0002:000004a0       __imp_PyExc_KeyboardInterrupt 00000001800124a0     python37:python37.dll
 0002:000004a8       __imp_PyExc_TypeError      00000001800124a8     python37:python37.dll
 0002:000004b0       __imp_PyExc_ValueError     00000001800124b0     python37:python37.dll
 0002:000004b8       __imp_PyEval_InitThreads   00000001800124b8     python37:python37.dll
 0002:000004c0       __imp_PyEval_ThreadsInitialized 00000001800124c0     python37:python37.dll
 0002:000004c8       __imp_PyEval_SetTrace      00000001800124c8     python37:python37.dll
 0002:000004d0       __imp_Py_IsInitialized     00000001800124d0     python37:python37.dll
 0002:000004d8       __imp_Py_Finalize          00000001800124d8     python37:python37.dll
 0002:000004e0       __imp_Py_InitializeEx      00000001800124e0     python37:python37.dll
 0002:000004e8       __imp_Py_SetPythonHome     00000001800124e8     python37:python37.dll
 0002:000004f0       __imp_Py_SetProgramName    00000001800124f0     python37:python37.dll
 0002:000004f8       __imp_PyErr_Print          00000001800124f8     python37:python37.dll
 0002:00000500       __imp_Py_CompileStringExFlags 0000000180012500     python37:python37.dll
 0002:00000508       __imp_PyRun_StringFlags    0000000180012508     python37:python37.dll
 0002:00000510       __imp_PyRun_SimpleStringFlags 0000000180012510     python37:python37.dll
 0002:00000518       __imp_Py_BuildValue        0000000180012518     python37:python37.dll
 0002:00000520       __imp_PyErr_Restore        0000000180012520     python37:python37.dll
 0002:00000528       __imp_PyErr_Clear          0000000180012528     python37:python37.dll
 0002:00000530       __imp_PyErr_Occurred       0000000180012530     python37:python37.dll
 0002:00000538       __imp_PyErr_SetString      0000000180012538     python37:python37.dll
 0002:00000540       __imp_PyGILState_Check     0000000180012540     python37:python37.dll
 0002:00000548       __imp_PyGILState_GetThisThreadState 0000000180012548     python37:python37.dll
 0002:00000550       __imp_PyGILState_Release   0000000180012550     python37:python37.dll
 0002:00000558       __imp_PyGILState_Ensure    0000000180012558     python37:python37.dll
 0002:00000560       __imp_PyThreadState_Get    0000000180012560     python37:python37.dll
 0002:00000568       __imp_PyCapsule_IsValid    0000000180012568     python37:python37.dll
 0002:00000570       __imp_PyCapsule_GetPointer 0000000180012570     python37:python37.dll
 0002:00000578       __imp_PyCapsule_New        0000000180012578     python37:python37.dll
 0002:00000580       __imp_PyFunction_GetCode   0000000180012580     python37:python37.dll
 0002:00000588       __imp_PyFunction_New       0000000180012588     python37:python37.dll
 0002:00000590       __imp_PyModule_GetDict     0000000180012590     python37:python37.dll
 0002:00000598       __imp_PyDict_SetItemString 0000000180012598     python37:python37.dll
 0002:000005a0       __imp_PyDict_GetItemString 00000001800125a0     python37:python37.dll
 0002:000005a8       __imp_PyDict_Items         00000001800125a8     python37:python37.dll
 0002:000005b0       __imp_PyList_Append        00000001800125b0     python37:python37.dll
 0002:000005b8       __imp_PyList_Insert        00000001800125b8     python37:python37.dll
 0002:000005c0       __imp_PyList_SetItem       00000001800125c0     python37:python37.dll
 0002:000005c8       __imp_PyList_GetItem       00000001800125c8     python37:python37.dll
 0002:000005d0       __imp_PyList_Size          00000001800125d0     python37:python37.dll
 0002:000005d8       __imp_PyList_New           00000001800125d8     python37:python37.dll
 0002:000005e0       __imp_PyTuple_SetItem      00000001800125e0     python37:python37.dll
 0002:000005e8       __imp_PyTuple_GetItem      00000001800125e8     python37:python37.dll
 0002:000005f0       __imp_PyTuple_Size         00000001800125f0     python37:python37.dll
 0002:000005f8       __imp_PyTuple_New          00000001800125f8     python37:python37.dll
 0002:00000600       __imp_PyFloat_AsDouble     0000000180012600     python37:python37.dll
 0002:00000608       __imp_PyFloat_FromDouble   0000000180012608     python37:python37.dll
 0002:00000610       __imp_PyLong_AsUnsignedLongLong 0000000180012610     python37:python37.dll
 0002:00000618       __imp_PyLong_AsLongLong    0000000180012618     python37:python37.dll
 0002:00000620       __imp_PyLong_FromUnsignedLongLong 0000000180012620     python37:python37.dll
 0002:00000628       __imp_PyLong_FromLongLong  0000000180012628     python37:python37.dll
 0002:00000630       __imp_PyLong_AsUnsignedLong 0000000180012630     python37:python37.dll
 0002:00000638       __imp_PyLong_AsLong        0000000180012638     python37:python37.dll
 0002:00000640       __imp_PyLong_FromSsize_t   0000000180012640     python37:python37.dll
 0002:00000648       __imp_PyLong_FromSize_t    0000000180012648     python37:python37.dll
 0002:00000650       __imp_PyLong_FromLong      0000000180012650     python37:python37.dll
 0002:00000658       __imp_PyUnicode_AsUTF8String 0000000180012658     python37:python37.dll
 0002:00000660       __imp_PyUnicode_FromString 0000000180012660     python37:python37.dll
 0002:00000668       __imp_PyUnicode_FromStringAndSize 0000000180012668     python37:python37.dll
 0002:00000670       __imp_PyBytes_AsStringAndSize 0000000180012670     python37:python37.dll
 0002:00000678       __imp_PyBytes_AsString     0000000180012678     python37:python37.dll
 0002:00000680       __imp_PyBytes_Size         0000000180012680     python37:python37.dll
 0002:00000688       __imp_PyBytes_FromStringAndSize 0000000180012688     python37:python37.dll
 0002:00000690       __imp_PyObject_Dir         0000000180012690     python37:python37.dll
 0002:00000698       __imp_PyCallable_Check     0000000180012698     python37:python37.dll
 0002:000006a0       __imp_PyObject_HasAttrString 00000001800126a0     python37:python37.dll
 0002:000006a8       __imp_PyObject_SetAttrString 00000001800126a8     python37:python37.dll
 0002:000006b0       __imp_PyObject_GetAttrString 00000001800126b0     python37:python37.dll
 0002:000006b8       __imp_PyObject_Str         00000001800126b8     python37:python37.dll
 0002:000006c0       __imp_PyType_IsSubtype     00000001800126c0     python37:python37.dll
 0002:000006c8       __imp_PyErr_Fetch          00000001800126c8     python37:python37.dll
 0002:000006d0       \177python37_NULL_THUNK_DATA 00000001800126d0     python37:python37.dll
 0002:000006d8       __guard_check_icall_fptr   00000001800126d8     MSVCRT:guard_support.obj
 0002:000006e0       __guard_dispatch_icall_fptr 00000001800126e0     MSVCRT:guard_support.obj
 0002:000006e8       __xc_a                     00000001800126e8     MSVCRT:initializers.obj
 0002:00000760       __xc_z                     0000000180012760     MSVCRT:initializers.obj
 0002:00000768       __xi_a                     0000000180012768     MSVCRT:initializers.obj
 0002:00000778       __xi_z                     0000000180012778     MSVCRT:initializers.obj
 0002:00000780       __xl_a                     0000000180012780     MSVCRT:tlssup.obj
 0002:00000788       __xl_z                     0000000180012788     MSVCRT:tlssup.obj
 0002:00000790       __xp_a                     0000000180012790     MSVCRT:initializers.obj
 0002:00000798       __xp_z                     0000000180012798     MSVCRT:initializers.obj
 0002:000007a0       __xt_a                     00000001800127a0     MSVCRT:initializers.obj
 0002:000007a8       __xt_z                     00000001800127a8     MSVCRT:initializers.obj
 0002:00000818       ??_C@_0BO@DGAIOKOL@py_idc_cvt_helper_t?4dtor_name@ 0000000180012818     python.obj
 0002:00000838       ??_C@_02KKLCIMAC@py@       0000000180012838     python.obj
 0002:00000928       ??_C@_06CHFOMGOI@Python@   0000000180012928     python.obj
 0002:00000978       ??_C@_0BK@MCBGBJFI@Python?5?9?5IDAPython?5plugin@ 0000000180012978     python.obj
 0002:00000998       ??_C@_0BM@IMFOBHIN@Enter?5any?5Python?5expression@ 0000000180012998     python.obj
 0002:000009b8       ??_C@_09FNFOMNPC@IDAPython@ 00000001800129b8     python.obj
 0002:000009c8       ??_C@_0BD@ENEDBBNF@IDA?5Python?5Plugin?6@ 00000001800129c8     python.obj
 0002:000016d8       ??_C@_00CNPNBAHC@@         00000001800136d8     python.obj
 0002:000016e0       ??_7syntax_highlighter_t@@6B@ 00000001800136e0     python.obj
 0002:000016e8       ??_7ida_syntax_highlighter_t@@6B@ 00000001800136e8     python.obj
 0002:000016e8       ??_7python_highlighter_t@@6B@ 00000001800136e8     python.obj
 0002:000016f0       ??_C@_01DNKMNLPK@?$HM@     00000001800136f0     python.obj
 0002:000016f8       ??_C@_0DF@EAJLPEFD@c?3?2mingw?2msys?21?40?2home?2plugins?2@ 00000001800136f8     python.obj
 0002:00001730       ??_C@_0EM@DOOBJBIA@?$CK?$CK?$CK?5WARNING?3?5Code?5at?5?$CFs?3?$CFd?5shou@ 0000000180013730     python.obj
 0002:0000177c       ??_C@_01KNKLHLMO@K@        000000018001377c     python.obj
 0002:00001780       ??_C@_0BJ@HMPAHJEC@Object?5is?5not?5a?5sequence@ 0000000180013780     python.obj
 0002:000017a0       ??_C@_0CG@BAFHJFPD@Sequence?5item?5?$CD?$CFd?5cannot?5be?5con@ 00000001800137a0     python.obj
 0002:000017c8       ??_C@_05PHLGJONK@title@    00000001800137c8     python.obj
 0002:000017d0       ??_C@_0BA@OAHDDEDD@?$DMunknown?5title?$DO@ 00000001800137d0     python.obj
 0002:000017e0       ??_C@_0DE@LOEFMOAK@WARNING?3?5Form?5?$CC?$CFs?$CC?5was?5not?5Free@ 00000001800137e0     python.obj
 0002:00001814       ??_C@_02HCKGKOFO@?$CI?$CJ@ 0000000180013814     python.obj
 0002:00001818       ??_C@_04HJMOFLDF@Free@     0000000180013818     python.obj
 0002:00001820       ??_C@_0CP@CEFFBFLI@Could?5not?5convert?5Python?5object@ 0000000180013820     python.obj
 0002:00001850       ??_C@_0BE@NMLCEEMF@py_idc_cvt_helper_t@ 0000000180013850     python.obj
 0002:00001868       ??_C@_0DE@CPOBMKJJ@?$DMPyObject?9?$CFp?9snipped?9to?9prevent@ 0000000180013868     python.obj
 0002:000018a0       ??_C@_07PCLNFEL@$valid$@   00000001800138a0     python.obj
 0002:000018a8       ??_C@_02FKHNAOPL@__@       00000001800138a8     python.obj
 0002:000018b0       ??_C@_0DB@MCJAOLIH@Failed?5to?5create?5a?5new?5tuple?5to@ 00000001800138b0     python.obj
 0002:000018e8       ??_C@_0BJ@JDMMELF@arg?$CD?$CFd?5has?5wrong?5type?5?$CFd@ 00000001800138e8     python.obj
 0002:00001930       ??_C@_03KAHEOLME@pyc@      0000000180013930     python.obj
 0002:00001934       ??_C@_03OPDFHNAD@pyd@      0000000180013934     python.obj
 0002:00001938       ??_C@_03MMBKEMI@pyo@       0000000180013938     python.obj
 0002:0000193c       ??_C@_03IONKDMJB@pyw@      000000018001393c     python.obj
 0002:00001958       ??_C@_0BD@BFIMCAOH@swig_runtime_data4@ 0000000180013958     python.obj
 0002:00001970       ??_C@_0O@BCDNNPNN@sitecustomize@ 0000000180013970     python.obj
 0002:00001980       ??_C@_0O@HENHCEEM@usercustomize@ 0000000180013980     python.obj
 0002:00001990       ??_C@_05NNFHCGPF@?$CFs?4?$CFs@ 0000000180013990     python.obj
 0002:00001998       ??_C@_09BOIBMEBJ@exception@ 0000000180013998     python.obj
 0002:000019a8       ??_C@_0M@PPJNHBMP@description@ 00000001800139a8     python.obj
 0002:000019b8       ??_C@_0BC@HIKOICEC@PyIdc_cvt_int64__@ 00000001800139b8     python.obj
 0002:000019d0       ??_C@_08GJGBGAIJ@object_t@ 00000001800139d0     python.obj
 0002:000019e0       ??_C@_0BF@KIDACGLB@PyIdc_cvt_refclass__@ 00000001800139e0     python.obj
 0002:000019f8       ??_C@_0BE@NHLBEJPD@IDAPython_FormatExc@ 00000001800139f8     python.obj
 0002:00001a10       ??_C@_0BJ@HCGNIEIO@IDAPython?3?5unknown?5error@ 0000000180013a10     python.obj
 0002:00001a30       ??_C@_0DI@OGDJGIMO@IDAPython?3?5Error?5while?5calling?5@ 0000000180013a30     python.obj
 0002:00001a68       ??_C@_0DJ@NPEDHDAD@notify_when?$CI?$CJ?3?5Error?5occurred?5w@ 0000000180013a68     python.obj
 0002:00001aa4       ??_C@_04CIMGMMMG@text@     0000000180013aa4     python.obj
 0002:00001aac       ??_C@_05JJOLJDEA@nodes@    0000000180013aac     python.obj
 0002:00001ab8       ??_C@_0BC@FMKOEBIB@?$CFs__from_ptrval__@ 0000000180013ab8     python.obj
 0002:00001acc       ??_C@_03IDLEFKPI@?$CIK?$CJ@ 0000000180013acc     python.obj
 0002:00001ad0       ??_C@_07PHKOPNKE@inspect@  0000000180013ad0     python.obj
 0002:00001ad8       ??_C@_0L@NANAMFKM@getargspec@ 0000000180013ad8     python.obj
 0002:00001ae8       ??_C@_09MKMLHFFO@?$CIKKssKII?$CJ@ 0000000180013ae8     python.obj
 0002:00001af8       ??_C@_0BB@HFKBGPIG@User?5interrupted@ 0000000180013af8     python.obj
 0002:00001b10       ??_C@_0BG@ENMGPDM@Running?5Python?5script@ 0000000180013b10     python.obj
 0002:00001b28       ??_C@_0DE@BOHCNLPF@c?3?2mingw?2msys?21?40?2home?2plugins?2@ 0000000180013b28     python.obj
 0002:00001b5c       ??_C@_03OFAPEBGM@?$CFs?6@  0000000180013b5c     python.obj
 0002:00001b60       ??_C@_0DD@NIBMCOPC@?$CK?$CK?$CK?5IDAPython?3?5Couldn?8t?5convert@ 0000000180013b60     python.obj
 0002:00001b98       ??_C@_0P@LPIEGNHB@internal?5error@ 0000000180013b98     python.obj
 0002:00001ba8       ??_C@_0P@HPFLOFOO@SCRIPT_TIMEOUT@ 0000000180013ba8     python.obj
 0002:00001bb8       ??_C@_0BD@MPDNFPIN@ALERT_AUTO_SCRIPTS@ 0000000180013bb8     python.obj
 0002:00001bd0       ??_C@_0BE@JNEGBMAC@REMOVE_CWD_SYS_PATH@ 0000000180013bd0     python.obj
 0002:00001be8       ??_C@_0BJ@MBEJKABI@AUTOIMPORT_COMPAT_IDAAPI@ 0000000180013be8     python.obj
 0002:00001c08       ??_C@_0BJ@PDCNPOGI@AUTOIMPORT_COMPAT_IDA695@ 0000000180013c08     python.obj
 0002:00001c28       ??_C@_0BA@KGCMFGPL@NAMESPACE_AWARE@ 0000000180013c28     python.obj
 0002:00001c58       ??_C@_06NLKLBLIE@idc?4py@  0000000180013c58     python.obj
 0002:00001c60       ??_C@_07EHLIMGMB@init?4py@ 0000000180013c60     python.obj
 0002:00001c68       ??_C@_0O@PCCIDNGF@ida_idaapi?4py@ 0000000180013c68     python.obj
 0002:00001c78       ??_C@_0M@EIFMNCOH@idautils?4py@ 0000000180013c78     python.obj
 0002:00001c88       ??_C@_0CH@BEIEMCME@IDAPython?3?5Missing?5required?5fil@ 0000000180013c88     python.obj
 0002:00001cb0       ??_C@_0DH@DDHDNJIN@No?5free?5disk?5space?5on?5?$CFs?0?5pytho@ 0000000180013cb0     python.obj
 0002:00001ce8       ??_C@_02BMJICGCB@rt@       0000000180013ce8     python.obj
 0002:00001cf0       ??_C@_0CF@BIJDOCIO@ACCEPT?5TABS?6Enter?5Python?5expres@ 0000000180013cf0     python.obj
 0002:00001d18       ??_C@_0BI@BDGDBKMD@ERROR?3?5bad?5return?5value@ 0000000180013d18     python.obj
 0002:00001d30       ??_C@_0L@OKLOAEHG@ida_idaapi@ 0000000180013d30     python.obj
 0002:00001d40       ??_C@_0BI@CENIJLLA@Could?5not?5find?5?$CFs?4?$CFs?5?$DP?$CB@ 0000000180013d40     python.obj
 0002:00001d58       ??_C@_0BD@FJFLDJM@Script?5interrupted@ 0000000180013d58     python.obj
 0002:00001d70       ??_C@_0BF@CKGAKABK@IDAPython_ExecScript@ 0000000180013d70     python.obj
 0002:00001d88       ??_C@_0CE@BGEMMNPK@IDAPython?3?5error?5executing?5?8?$CFs?8@ 0000000180013d88     python.obj
 0002:00001db0       ??_C@_0BK@KNBALFGC@couldn?8t?5import?5module?5?$CFs@ 0000000180013db0     python.obj
 0002:00001dd0       ??_C@_0BG@FHAJBLEA@undefined?5function?5?$CFs@ 0000000180013dd0     python.obj
 0002:00001de8       ??_C@_0L@HKBPJLAM@def?5?$CFs?$CI?$CJ?3?6@ 0000000180013de8     python.obj
 0002:00001df4       ??_C@_05CDJMJPEC@?6?5?5?5?5@ 0000000180013df4     python.obj
 0002:00001dfc       ??_C@_01EEMJAFIK@?6@       0000000180013dfc     python.obj
 0002:00001e00       ??_C@_08OOGHEFMC@?$DMstring?$DO@ 0000000180013e00     python.obj
 0002:00001e10       ??_C@_0BG@CDNLOEID@IDAPython_LoadProcMod@ 0000000180013e10     python.obj
 0002:00001e28       ??_C@_0BI@NCBPAGKJ@IDAPython_UnLoadProcMod@ 0000000180013e28     python.obj
 0002:00001e40       ??_C@_0BO@KEHDAIGL@Could?5not?5import?5module?5?8?$CFs?8?$CB@ 0000000180013e40     python.obj
 0002:00001e60       ??_C@_0CA@BDAIDPL@Could?5not?5find?5class?5type?5?8?$CFs?8?$CB@ 0000000180013e60     python.obj
 0002:00001e80       ??_C@_09LFGACEKG@__class__@ 0000000180013e80     python.obj
 0002:00001e90       ??_C@_08BHKDPDAA@__name__@ 0000000180013e90     python.obj
 0002:00001ea0       ??_C@_0CM@FFIFNEOG@call_method?5does?5not?5support?5th@ 0000000180013ea0     python.obj
 0002:00001ed0       ??_C@_0CP@MMLIKPDO@Failed?5to?5convert?5input?5object?5@ 0000000180013ed0     python.obj
 0002:00001f00       ??_C@_0DN@JBLBEHML@The?5input?5object?5does?5not?5have?5@ 0000000180013f00     python.obj
 0002:00001f40       ??_C@_03LGMJKEGG@run@      0000000180013f40     python.obj
 0002:00001f48       ??_C@_08KGNIBNGN@plugin_t@ 0000000180013f48     python.obj
 0002:00001f54       ??_C@_01IPJKGB@?$CD@       0000000180013f54     python.obj
 0002:00001f58       ??_C@_03EIPLJDPI@?$CC?$CC?$CC@ 0000000180013f58     python.obj
 0002:00001f5c       ??_C@_03EJJFFGE@?8?8?8@    0000000180013f5c     python.obj
 0002:00001f60       ??_C@_0LE@IHMGHAJC@and?$HMas?$HMassert?$HMbreak?$HMclass?$HMconti@ 0000000180013f60     python.obj
 0002:00002014       ??_C@_04PJDNGLKJ@self@     0000000180014014     python.obj
 0002:0000201c       ??_C@_03BHEEIFFN@def@      000000018001401c     python.obj
 0002:00002020       ??_C@_08FFNODPEJ@help?$CI?$CFs?$CJ@ 0000000180014020     python.obj
 0002:00002030       ??_C@_0CD@ELKIHHK@idaapi?4IDAPython_ExecSystem?$CIr?8?$CF@ 0000000180014030     python.obj
 0002:00002058       ??_C@_0BF@OOCOLJII@IDAPython_Completion@ 0000000180014058     python.obj
 0002:00002070       ??_C@_02OCDGCAAK@si@       0000000180014070     python.obj
 0002:00002078       ??_C@_0M@LFHHAIJB@__?$CFs__?$CF?$CK?4?$CKs@ 0000000180014078     python.obj
 0002:00002088       ??_C@_07KBDNECO@plugins@   0000000180014088     python.obj
 0002:00002090       ??_C@_05OLMLFICL@procs@    0000000180014090     python.obj
 0002:00002098       ??_C@_07JAOCDFCG@loaders@  0000000180014098     python.obj
 0002:000020a0       ??_C@_01ICJEACDI@?$DL@     00000001800140a0     python.obj
 0002:000020a8       ??_C@_0L@LDIPDIGH@run_script@ 00000001800140a8     python.obj
 0002:000020b8       ??_C@_0BA@MGNGMMCG@run_script_when@ 00000001800140b8     python.obj
 0002:000020c8       ??_C@_07OKLCGGNL@db_open@  00000001800140c8     python.obj
 0002:000020d0       ??_C@_08JMHKCKNH@ui_ready@ 00000001800140d0     python.obj
 0002:000020dc       ??_C@_04HKFDNBLD@init@     00000001800140dc     python.obj
 0002:000020f0       ??_C@_0FO@OFMLFMDE@Unknown?5?8run_script_when?8?5direc@ 00000001800140f0     python.obj
 0002:00002150       ??_C@_03IPHJCBHH@YES@      0000000180014150     python.obj
 0002:00002154       ??_C@_02NFLNFON@NO@        0000000180014154     python.obj
 0002:00002160       ??_C@_0EM@GKEDBBLH@Unknown?5?8AUTOIMPORT_COMPAT_IDA6@ 0000000180014160     python.obj
 0002:000021ac       ??_C@_02DPKJAMEF@?$CFd@    00000001800141ac     python.obj
 0002:000021b0       ??_C@_03JJJLMDPC@idc@      00000001800141b0     python.obj
 0002:000021b8       ??_C@_0P@OMPIKEE@print_banner?$CI?$CJ@ 00000001800141b8     python.obj
 0002:000021c8       ??_C@_04LNEJFJGI@path@     00000001800141c8     python.obj
 0002:000021d0       ??_C@_06OIODPPHE@python@   00000001800141d0     python.obj
 0002:000021d8       ??_C@_04IKPDHFBK@site@     00000001800141d8     python.obj
 0002:000021e0       ??_C@_0L@LAMDEKDJ@python?4cfg@ 00000001800141e0     python.obj
 0002:000021f0       ??_C@_0KI@BDNDBLMI@HIDECANCEL?6TITLE?5IDAPython?6The?5@ 00000001800141f0     python.obj
 0002:00002298       ??_C@_0CE@GPLLCKKP@IDAPython?3?5Py_InitializeEx?$CI?$CJ?5fa@ 0000000180014298     python.obj
 0002:000022c0       ??_C@_0CD@IHCEJCLH@IDAPython?3?5importing?5?$CCsite?$CC?5fai@ 00000001800142c0     python.obj
 0002:000022e4       ??_C@_04HPMIDMKH@True@     00000001800142e4     python.obj
 0002:000022ec       ??_C@_05MKDOIIA@False@     00000001800142ec     python.obj
 0002:000022f4       ??_C@_05FPBGKCKL@final@    00000001800142f4     python.obj
 0002:00002300       ??_C@_0NJ@DKEOJEII@IDAPYTHON_VERSION?$DN?$CI?$CFd?0?5?$CFd?0?5?$CFd?0?5@ 0000000180014300     python.obj
 0002:000023e0       ??_C@_0CK@PCABKHA@IDAPython?3?5error?5executing?5boot@ 00000001800143e0     python.obj
 0002:00002410       ??_C@_0CI@LOPNMGKD@import?5traceback?$DLtraceback?4prin@ 0000000180014410     python.obj
 0002:00002440       ??_C@_0FP@BDDGNIEM@IDAPython?3?5error?5executing?5init@ 0000000180014440     python.obj
 0002:000024a0       ??_C@_0CC@NBPFMFIA@IDAPython?3?5init_pywraps?$CI?$CJ?5faile@ 00000001800144a0     python.obj
 0002:000024c8       ??_C@_0CG@NIIHGJDH@IDAPython?3?5unknown?5plugin?5argum@ 00000001800144c8     python.obj
 0002:000024f0       ??_C@_0CO@FBMKDIM@Exception?5in?5Python?5interpreter@ 00000001800144f0     python.obj
 0002:0000251e       ?nullstr@?1??c_str@?$_qstring@D@@QEBAPEBDXZ@4QBDB 000000018001451e     python.obj
 0002:00002550       ??_C@_1EC@JIJBPKFM@?$AAa?$AAp?$AAi?$AA?9?$AAm?$AAs?$AA?9?$AAw?$AAi?$AAn?$AA?9?$AAc?$AAo?$AAr?$AAe@ 0000000180014550     MSVCRT:thread_safe_statics.obj
 0002:00002598       ??_C@_1BK@MGMFAEKH@?$AAk?$AAe?$AAr?$AAn?$AAe?$AAl?$AA3?$AA2?$AA?4?$AAd?$AAl?$AAl@ 0000000180014598     MSVCRT:thread_safe_statics.obj
 0002:000025b8       ??_C@_0BM@HLJJNPAH@InitializeConditionVariable@ 00000001800145b8     MSVCRT:thread_safe_statics.obj
 0002:000025d8       ??_C@_0BJ@JEBJOJFJ@SleepConditionVariableCS@ 00000001800145d8     MSVCRT:thread_safe_statics.obj
 0002:000025f8       ??_C@_0BJ@PGPPEPCC@WakeAllConditionVariable@ 00000001800145f8     MSVCRT:thread_safe_statics.obj
 0002:00002618       _pRawDllMain               0000000180014618     MSVCRT:dll_dllmain.obj
 0002:00002618       _pDefaultRawDllMain        0000000180014618     MSVCRT:dll_dllmain.obj
 0002:00002628       ??_7exception@std@@6B@     0000000180014628     MSVCRT:throw_bad_alloc.obj
 0002:00002638       ??_C@_0BC@EOODALEL@Unknown?5exception@ 0000000180014638     MSVCRT:throw_bad_alloc.obj
 0002:00002658       ??_7bad_alloc@std@@6B@     0000000180014658     MSVCRT:throw_bad_alloc.obj
 0002:00002668       ??_C@_0P@GHFPNOJB@bad?5allocation@ 0000000180014668     MSVCRT:throw_bad_alloc.obj
 0002:00002680       ??_7bad_array_new_length@std@@6B@ 0000000180014680     MSVCRT:throw_bad_alloc.obj
 0002:00002690       ??_C@_0BF@KINCDENJ@bad?5array?5new?5length@ 0000000180014690     MSVCRT:throw_bad_alloc.obj
 0002:000026c0       ??_7type_info@@6B@         00000001800146c0     MSVCRT:std_type_info_static.obj
 0002:00002730       _load_config_used          0000000180014730     MSVCRT:loadcfg.obj
 0002:00002830       _tls_used                  0000000180014830     MSVCRT:tlssup.obj
 0002:00002858       ??_R4exception@std@@6B@    0000000180014858     MSVCRT:throw_bad_alloc.obj
 0002:00002880       ??_R3exception@std@@8      0000000180014880     MSVCRT:throw_bad_alloc.obj
 0002:00002898       ??_R2exception@std@@8      0000000180014898     MSVCRT:throw_bad_alloc.obj
 0002:000028a8       ??_R1A@?0A@EA@exception@std@@8 00000001800148a8     MSVCRT:throw_bad_alloc.obj
 0002:000028d0       ??_R4bad_alloc@std@@6B@    00000001800148d0     MSVCRT:throw_bad_alloc.obj
 0002:000028f8       ??_R3bad_alloc@std@@8      00000001800148f8     MSVCRT:throw_bad_alloc.obj
 0002:00002910       ??_R2bad_alloc@std@@8      0000000180014910     MSVCRT:throw_bad_alloc.obj
 0002:00002928       ??_R1A@?0A@EA@bad_alloc@std@@8 0000000180014928     MSVCRT:throw_bad_alloc.obj
 0002:00002950       ??_R4bad_array_new_length@std@@6B@ 0000000180014950     MSVCRT:throw_bad_alloc.obj
 0002:00002978       ??_R3bad_array_new_length@std@@8 0000000180014978     MSVCRT:throw_bad_alloc.obj
 0002:00002990       ??_R2bad_array_new_length@std@@8 0000000180014990     MSVCRT:throw_bad_alloc.obj
 0002:000029b0       ??_R1A@?0A@EA@bad_array_new_length@std@@8 00000001800149b0     MSVCRT:throw_bad_alloc.obj
 0002:000029d8       ??_R4type_info@@6B@        00000001800149d8     MSVCRT:std_type_info_static.obj
 0002:00002a00       ??_R3type_info@@8          0000000180014a00     MSVCRT:std_type_info_static.obj
 0002:00002a18       ??_R2type_info@@8          0000000180014a18     MSVCRT:std_type_info_static.obj
 0002:00002a28       ??_R1A@?0A@EA@type_info@@8 0000000180014a28     MSVCRT:std_type_info_static.obj
 0002:00002d98       __rtc_iaa                  0000000180014d98     MSVCRT:initsect.obj
 0002:00002da0       __rtc_izz                  0000000180014da0     MSVCRT:initsect.obj
 0002:00002da8       __rtc_taa                  0000000180014da8     MSVCRT:initsect.obj
 0002:00002db0       __rtc_tzz                  0000000180014db0     MSVCRT:initsect.obj
 0002:00002db8       _tls_start                 0000000180014db8     MSVCRT:tlssup.obj
 0002:00002dbc       _Init_thread_epoch         0000000180014dbc     MSVCRT:thread_safe_statics.obj
 0002:00002dc0       _tls_end                   0000000180014dc0     MSVCRT:tlssup.obj
 0002:00005240       _TI2?AVbad_alloc@std@@     0000000180017240     MSVCRT:throw_bad_alloc.obj
 0002:00005260       _CTA2?AVbad_alloc@std@@    0000000180017260     MSVCRT:throw_bad_alloc.obj
 0002:00005278       _CT??_R0?AVbad_alloc@std@@@8??0bad_alloc@std@@QEAA@AEBV01@@Z24 0000000180017278     MSVCRT:throw_bad_alloc.obj
 0002:000052a0       _CT??_R0?AVexception@std@@@8??0exception@std@@QEAA@AEBV01@@Z24 00000001800172a0     MSVCRT:throw_bad_alloc.obj
 0002:000052c8       _TI3?AVbad_array_new_length@std@@ 00000001800172c8     MSVCRT:throw_bad_alloc.obj
 0002:000052e8       _CTA3?AVbad_array_new_length@std@@ 00000001800172e8     MSVCRT:throw_bad_alloc.obj
 0002:00005308       _CT??_R0?AVbad_array_new_length@std@@@8??0bad_array_new_length@std@@QEAA@AEBV01@@Z24 0000000180017308     MSVCRT:throw_bad_alloc.obj
 0002:00005c7c       __IMPORT_DESCRIPTOR_ida    0000000180017c7c     ida:ida.dll
 0002:00005c90       __IMPORT_DESCRIPTOR_python37 0000000180017c90     python37:python37.dll
 0002:00005ca4       __IMPORT_DESCRIPTOR_KERNEL32 0000000180017ca4     kernel32:KERNEL32.dll
 0002:00005cb8       __IMPORT_DESCRIPTOR_VCRUNTIME140 0000000180017cb8     vcruntime:VCRUNTIME140.dll
 0002:00005ccc       __IMPORT_DESCRIPTOR_api-ms-win-crt-string-l1-1-0 0000000180017ccc     ucrt:api-ms-win-crt-string-l1-1-0.dll
 0002:00005ce0       __IMPORT_DESCRIPTOR_api-ms-win-crt-utility-l1-1-0 0000000180017ce0     ucrt:api-ms-win-crt-utility-l1-1-0.dll
 0002:00005cf4       __IMPORT_DESCRIPTOR_api-ms-win-crt-time-l1-1-0 0000000180017cf4     ucrt:api-ms-win-crt-time-l1-1-0.dll
 0002:00005d08       __IMPORT_DESCRIPTOR_api-ms-win-crt-runtime-l1-1-0 0000000180017d08     ucrt:api-ms-win-crt-runtime-l1-1-0.dll
 0002:00005d1c       __IMPORT_DESCRIPTOR_api-ms-win-crt-heap-l1-1-0 0000000180017d1c     ucrt:api-ms-win-crt-heap-l1-1-0.dll
 0002:00005d30       __NULL_IMPORT_DESCRIPTOR   0000000180017d30     ida:ida.dll
 0003:00000000       PLUGIN                     000000018001a000     python.obj
 0003:00000050       ?extlang_python@@3Uextlang_t@@A 000000018001a050     python.obj
 0003:000002d8       __scrt_native_dllmain_reason 000000018001a2d8     MSVCRT:utility.obj
 0003:000002dc       _Init_global_epoch         000000018001a2dc     MSVCRT:thread_safe_statics.obj
 0003:000002e0       __security_cookie_complement 000000018001a2e0     MSVCRT:gs_cookie.obj
 0003:000002e8       __security_cookie          000000018001a2e8     MSVCRT:gs_cookie.obj
 0003:000002f0       _fltused                   000000018001a2f0     MSVCRT:fltused.obj
 0003:000002f8       __isa_available            000000018001a2f8     MSVCRT:cpu_disp.obj
 0003:000002fc       __isa_enabled              000000018001a2fc     MSVCRT:cpu_disp.obj
 0003:00000300       __memcpy_nt_iters          000000018001a300     MSVCRT:cpu_disp.obj
 0003:00000310       __scrt_ucrt_dll_is_in_use  000000018001a310     MSVCRT:ucrt_stubs.obj
 0003:00000318       ??_R0?AVbad_alloc@std@@@8  000000018001a318     MSVCRT:throw_bad_alloc.obj
 0003:00000340       ??_R0?AVexception@std@@@8  000000018001a340     MSVCRT:throw_bad_alloc.obj
 0003:00000368       ??_R0?AVbad_array_new_length@std@@@8 000000018001a368     MSVCRT:throw_bad_alloc.obj
 0003:00000398       ??_R0?AVtype_info@@@8      000000018001a398     MSVCRT:std_type_info_static.obj
 0003:00000450       ?pycim_lookup_info@@3Vlookup_info_t@@A 000000018001a450     python.obj
 0003:00000778       __scrt_current_native_startup_state 000000018001a778     MSVCRT:utility.obj
 0003:00000780       __scrt_native_startup_lock 000000018001a780     MSVCRT:utility.obj
 0003:00000808       _tls_index                 000000018001a808     MSVCRT:tlssup.obj
 0003:00000810       __favor                    000000018001a810     MSVCRT:cpu_disp.obj
 0003:00000814       __scrt_debugger_hook_flag  000000018001a814     MSVCRT:utility_desktop.obj
 0003:00000d90       ?__type_info_root_node@@3U__type_info_node@@A 000000018001ad90     MSVCRT:tncleanup.obj
 0003:00000da0       ?_OptionsStorage@?1??__local_stdio_printf_options@@9@4_KA 000000018001ada0     MSVCRT:default_local_stdio_options.obj
 0003:00000da8       ?_OptionsStorage@?1??__local_stdio_scanf_options@@9@4_KA 000000018001ada8     MSVCRT:default_local_stdio_options.obj
 0003:00000db0       __dyn_tls_init_callback    000000018001adb0     <common>

 entry point at        0001:0000f0f4

 Static symbols

 0000:fffe3000       .debug$S                   0000000180000000     ida:ida.dll
 0000:fffe3000       .debug$S                   0000000180000000     ida:ida.dll
 0000:fffe3000       .debug$S                   0000000180000000     ida:ida.dll
 0000:fffe3000       .debug$S                   0000000180000000     ida:ida.dll
 0000:fffe3000       .debug$S                   0000000180000000     ida:ida.dll
 0000:fffe3000       .debug$S                   0000000180000000     ida:ida.dll
 0000:fffe3000       .debug$S                   0000000180000000     ida:ida.dll
 0000:fffe3000       .debug$S                   0000000180000000     ida:ida.dll
 0000:fffe3000       .debug$S                   0000000180000000     ida:ida.dll
 0000:fffe3000       .debug$S                   0000000180000000     ida:ida.dll
 0000:fffe3000       .debug$S                   0000000180000000     ida:ida.dll
 0000:fffe3000       .debug$S                   0000000180000000     ida:ida.dll
 0000:fffe3000       .debug$S                   0000000180000000     ida:ida.dll
 0000:fffe3000       .debug$S                   0000000180000000     ida:ida.dll
 0000:fffe3000       .debug$S                   0000000180000000     ida:ida.dll
 0000:fffe3000       .debug$S                   0000000180000000     ida:ida.dll
 0000:fffe3000       .debug$S                   0000000180000000     ida:ida.dll
 0000:fffe3000       .debug$S                   0000000180000000     ida:ida.dll
 0000:fffe3000       .debug$S                   0000000180000000     ida:ida.dll
 0000:fffe3000       .debug$S                   0000000180000000     ida:ida.dll
 0000:fffe3000       .debug$S                   0000000180000000     ida:ida.dll
 0000:fffe3000       .debug$S                   0000000180000000     ida:ida.dll
 0000:fffe3000       .debug$S                   0000000180000000     ida:ida.dll
 0000:fffe3000       .debug$S                   0000000180000000     ida:ida.dll
 0000:fffe3000       .debug$S                   0000000180000000     ida:ida.dll
 0000:fffe3000       .debug$S                   0000000180000000     ida:ida.dll
 0000:fffe3000       .debug$S                   0000000180000000     ida:ida.dll
 0000:fffe3000       .debug$S                   0000000180000000     ida:ida.dll
 0000:fffe3000       .debug$S                   0000000180000000     ida:ida.dll
 0000:fffe3000       .debug$S                   0000000180000000     ida:ida.dll
 0000:fffe3000       .debug$S                   0000000180000000     ida:ida.dll
 0000:fffe3000       .debug$S                   0000000180000000     ida:ida.dll
 0000:fffe3000       .debug$S                   0000000180000000     ida:ida.dll
 0000:fffe3000       .debug$S                   0000000180000000     ida:ida.dll
 0000:fffe3000       .debug$S                   0000000180000000     ida:ida.dll
 0000:fffe3000       .debug$S                   0000000180000000     ida:ida.dll
 0000:fffe3000       .debug$S                   0000000180000000     ida:ida.dll
 0000:fffe3000       .debug$S                   0000000180000000     ida:ida.dll
 0000:fffe3000       .debug$S                   0000000180000000     ida:ida.dll
 0000:fffe3000       .debug$S                   0000000180000000     ida:ida.dll
 0000:fffe3000       .debug$S                   0000000180000000     ida:ida.dll
 0000:fffe3000       .debug$S                   0000000180000000     ida:ida.dll
 0000:fffe3000       .debug$S                   0000000180000000     ida:ida.dll
 0000:fffe3000       .debug$S                   0000000180000000     ida:ida.dll
 0000:fffe3000       .debug$S                   0000000180000000     ida:ida.dll
 0000:fffe3000       .debug$S                   0000000180000000     ida:ida.dll
 0000:fffe3000       .debug$S                   0000000180000000     ida:ida.dll
 0000:fffe3000       .debug$S                   0000000180000000     ida:ida.dll
 0000:fffe3000       .debug$S                   0000000180000000     python37:python37.dll
 0000:fffe3000       .debug$S                   0000000180000000     python37:python37.dll
 0000:fffe3000       .debug$S                   0000000180000000     python37:python37.dll
 0000:fffe3000       .debug$S                   0000000180000000     python37:python37.dll
 0000:fffe3000       .debug$S                   0000000180000000     python37:python37.dll
 0000:fffe3000       .debug$S                   0000000180000000     python37:python37.dll
 0000:fffe3000       .debug$S                   0000000180000000     python37:python37.dll
 0000:fffe3000       .debug$S                   0000000180000000     python37:python37.dll
 0000:fffe3000       .debug$S                   0000000180000000     python37:python37.dll
 0000:fffe3000       .debug$S                   0000000180000000     python37:python37.dll
 0000:fffe3000       .debug$S                   0000000180000000     python37:python37.dll
 0000:fffe3000       .debug$S                   0000000180000000     python37:python37.dll
 0000:fffe3000       .debug$S                   0000000180000000     python37:python37.dll
 0000:fffe3000       .debug$S                   0000000180000000     python37:python37.dll
 0000:fffe3000       .debug$S                   0000000180000000     python37:python37.dll
 0000:fffe3000       .debug$S                   0000000180000000     python37:python37.dll
 0000:fffe3000       .debug$S                   0000000180000000     python37:python37.dll
 0000:fffe3000       .debug$S                   0000000180000000     python37:python37.dll
 0000:fffe3000       .debug$S                   0000000180000000     python37:python37.dll
 0000:fffe3000       .debug$S                   0000000180000000     python.exp
 0000:fffe3000       .debug$S                   0000000180000000     python37:python37.dll
 0000:fffe3000       .debug$S                   0000000180000000     python37:python37.dll
 0000:fffe3000       .debug$S                   0000000180000000     python37:python37.dll
 0000:fffe3000       .debug$S                   0000000180000000     python37:python37.dll
 0000:fffe3000       .debug$S                   0000000180000000     python37:python37.dll
 0000:fffe3000       .debug$S                   0000000180000000     python37:python37.dll
 0000:fffe3000       .debug$S                   0000000180000000     ucrt:api-ms-win-crt-heap-l1-1-0.dll
 0000:fffe3000       .debug$S                   0000000180000000     ucrt:api-ms-win-crt-runtime-l1-1-0.dll
 0000:fffe3000       .debug$S                   0000000180000000     ucrt:api-ms-win-crt-runtime-l1-1-0.dll
 0000:fffe3000       .debug$S                   0000000180000000     ucrt:api-ms-win-crt-runtime-l1-1-0.dll
 0000:fffe3000       .debug$S                   0000000180000000     ucrt:api-ms-win-crt-runtime-l1-1-0.dll
 0000:fffe3000       .debug$S                   0000000180000000     ucrt:api-ms-win-crt-runtime-l1-1-0.dll
 0000:fffe3000       .debug$S                   0000000180000000     ucrt:api-ms-win-crt-runtime-l1-1-0.dll
 0000:fffe3000       .debug$S                   0000000180000000     ucrt:api-ms-win-crt-runtime-l1-1-0.dll
[...]
 0004:000003fc       $pdata$?notify_va@pywraps_notify_when_t@@QEAA_NHPEAD@Z 000000018001b3fc     python.obj
 0004:00000408       $pdata$??_Gpywraps_notify_when_t@@QEAAPEAXI@Z 000000018001b408     python.obj
 0004:00000414       $pdata$add_notify_when     000000018001b414     python.obj
 0004:00000420       $pdata$?grentry@@YA_JW4graph_notification_t@@ZZ 000000018001b420     python.obj
 0004:0000042c       $pdata$lookup_info_t_new_entry 000000018001b42c     python.obj
 0004:00000438       $pdata$lookup_info_t_commit 000000018001b438     python.obj
 0004:00000444       $pdata$lookup_info_t_del_by_py_view 000000018001b444     python.obj
 0004:00000450       $pdata$py_customidamemo_t_create_groups 000000018001b450     python.obj
 0004:0000045c       $pdata$py_customidamemo_t_delete_groups 000000018001b45c     python.obj
 0004:00000468       $pdata$py_customidamemo_t_set_groups_visibility 000000018001b468     python.obj
 0004:00000474       $pdata$py_customidamemo_t_collect_pyobject_callbacks 000000018001b474     python.obj
 0004:00000480       $pdata$py_customidamemo_t_collect_class_callbacks_ids 000000018001b480     python.obj
 0004:0000048c       $pdata$1$py_customidamemo_t_collect_class_callbacks_ids 000000018001b48c     python.obj
 0004:00000498       $pdata$4$py_customidamemo_t_collect_class_callbacks_ids 000000018001b498     python.obj
 0004:000004a4       $pdata$5$py_customidamemo_t_collect_class_callbacks_ids 000000018001b4a4     python.obj
 0004:000004b0       $pdata$6$py_customidamemo_t_collect_class_callbacks_ids 000000018001b4b0     python.obj
 0004:000004bc       $pdata$py_customidamemo_t_bind 000000018001b4bc     python.obj
 0004:000004c8       $pdata$py_customidamemo_t_unbind 000000018001b4c8     python.obj
 0004:000004d4       $pdata$?clear@?$qvector@Ufuncarg_t@@@@QEAAXXZ 000000018001b4d4     python.obj
 0004:000004e0       $pdata$0$?clear@?$qvector@Ufuncarg_t@@@@QEAAXXZ 000000018001b4e0     python.obj
 0004:000004ec       $pdata$1$?clear@?$qvector@Ufuncarg_t@@@@QEAAXXZ 000000018001b4ec     python.obj
 0004:000004f8       $pdata$?clear@?$qvector@Uudt_member_t@@@@QEAAXXZ 000000018001b4f8     python.obj
 0004:00000504       $pdata$0$?clear@?$qvector@Uudt_member_t@@@@QEAAXXZ 000000018001b504     python.obj
 0004:00000510       $pdata$1$?clear@?$qvector@Uudt_member_t@@@@QEAAXXZ 000000018001b510     python.obj
 0004:0000051c       $pdata$til_register_python_tinfo_t_instance 000000018001b51c     python.obj
 0004:00000528       $pdata$til_deregister_python_tinfo_t_instance 000000018001b528     python.obj
 0004:00000534       $pdata$til_register_python_ptr_type_data_t_instance 000000018001b534     python.obj
 0004:00000540       $pdata$til_deregister_python_ptr_type_data_t_instance 000000018001b540     python.obj
 0004:0000054c       $pdata$til_register_python_array_type_data_t_instance 000000018001b54c     python.obj
 0004:00000558       $pdata$til_deregister_python_array_type_data_t_instance 000000018001b558     python.obj
 0004:00000564       $pdata$til_register_python_func_type_data_t_instance 000000018001b564     python.obj
 0004:00000570       $pdata$til_deregister_python_func_type_data_t_instance 000000018001b570     python.obj
 0004:0000057c       $pdata$til_register_python_udt_type_data_t_instance 000000018001b57c     python.obj
 0004:00000588       $pdata$til_deregister_python_udt_type_data_t_instance 000000018001b588     python.obj
 0004:00000594       $pdata$python_timer_new    000000018001b594     python.obj
 0004:000005a0       $pdata$python_timer_del    000000018001b5a0     python.obj
 0004:000005ac       $pdata$try_create_swig_wrapper 000000018001b5ac     python.obj
 0004:000005b8       $pdata$get_callable_arg_count 000000018001b5b8     python.obj
 0004:000005c4       $pdata$idapython_unhook_from_notification_point 000000018001b5c4     python.obj
 0004:000005d0       $pdata$idapython_convert_cli_completions 000000018001b5d0     python.obj
 0004:000005dc       $pdata$register_module_lifecycle_callbacks 000000018001b5dc     python.obj
 0004:000005e8       $pdata$?get_idaapi_attr_by_id@@YA?AUref_t@@H@Z 000000018001b5e8     python.obj
 0004:000005f4       $pdata$?get_idaapi_attr@@YA?AUref_t@@PEBD@Z 000000018001b5f4     python.obj
 0004:00000600       $pdata$?pyvar_walk_list@@YA_JAEBUref_t@@P6AH0_JPEAX@Z2@Z 000000018001b600     python.obj
 0004:0000060c       $pdata$?cvt@lambda_t@?1??PyW_PyListToSizeVec@@YA_JPEAV?$qvector@_K@@PEAU_object@@@Z@SAHAEBUref_t@@_JPEAX@Z 000000018001b60c     python.obj
 0004:00000618       $pdata$?cvt@lambda_t@?1??PyW_PyListToEaVec@@YA_JPEAV?$qvector@I@@PEAU_object@@@Z@SAHAEBUref_t@@_JPEAX@Z 000000018001b618     python.obj
 0004:00000624       $pdata$?cvt@lambda_t@?1??PyW_PyListToStrVec@@YA_JPEAV?$qvector@V?$_qstring@D@@@@PEAU_object@@@Z@SAHAEBUref_t@@_JPEAX@Z 000000018001b624     python.obj
 0004:00000630       $pdata$??__Fpy_compiled_form_vec@@YAXXZ 000000018001b630     python.obj
 0004:0000063c       $pdata$?free_compiled_form_instances@@YAXXZ 000000018001b63c     python.obj
 0004:00000648       $pdata$?get_pyidc_cvt_type@@YAHPEAU_object@@@Z 000000018001b648     python.obj
 0004:00000654       $pdata$?py_idc_opaque_dtor@@YAHPEAVidc_value_t@@0@Z 000000018001b654     python.obj
 0004:00000660       $pdata$?pyvar_to_idcvar1@@YAHAEBUref_t@@PEAVidc_value_t@@PEAHAEAV?$qvector@PEBU_object@@@@@Z 000000018001b660     python.obj
 0004:0000066c       $pdata$?pyvar_to_idcvar2@@YAHAEBUref_t@@PEAVidc_value_t@@PEAHAEAV?$qvector@PEBU_object@@@@@Z 000000018001b66c     python.obj
 0004:00000678       $pdata$?assign@?$qvector@PEBU_object@@@@AEAAAEAV1@AEBV1@@Z 000000018001b678     python.obj
 0004:00000684       $pdata$??__Fida_idaapi_module@@YAXXZ 000000018001b684     python.obj
 0004:00000690       $pdata$??__Fcompat_idaapi_module@@YAXXZ 000000018001b690     python.obj
 0004:0000069c       $pdata$?idc_py_invoke0@@YAHPEAVidc_value_t@@0@Z 000000018001b69c     python.obj
 0004:000006a8       $pdata$?init_pywraps@@YA_NXZ 000000018001b6a8     python.obj
 0004:000006b4       $pdata$?pywraps_nw_notify@@YA_NHZZ 000000018001b6b4     python.obj
 0004:000006c0       $pdata$??__Fpycim_lookup_info@@YAXXZ 000000018001b6c0     python.obj
 0004:000006cc       $pdata$0$??__Fpycim_lookup_info@@YAXXZ 000000018001b6cc     python.obj
 0004:000006d8       $pdata$1$??__Fpycim_lookup_info@@YAXXZ 000000018001b6d8     python.obj
 0004:000006e4       $pdata$?pynodes_to_idanodes@@YAXPEAV?$qvector@H@@Uref_t@@@Z 000000018001b6e4     python.obj
 0004:000006f0       $pdata$??__Fmodules_callbacks@@YAXXZ 000000018001b6f0     python.obj
 0004:000006fc       $pdata$0$??__Fmodules_callbacks@@YAXXZ 000000018001b6fc     python.obj
 0004:00000708       $pdata$1$??__Fmodules_callbacks@@YAXXZ 000000018001b708     python.obj
 0004:00000714       $pdata$?run@@YA_N_K@Z      000000018001b714     python.obj
 0004:00000720       $pdata$?catch$4@?0??run@@YA_N_K@Z@4HA 000000018001b720     python.obj
 0004:0000072c       $pdata$?get_module_globals_from_path@@YAPEAU_object@@PEBD@Z 000000018001b72c     python.obj
 0004:00000738       $pdata$?on_trace@execution_t@@SAHPEAU_object@@PEAU_frame@@H0@Z 000000018001b738     python.obj
 0004:00000744       $pdata$??__Eexecution@@YAXXZ 000000018001b744     python.obj
 0004:00000750       $pdata$??__Fexecution@@YAXXZ 000000018001b750     python.obj
 0004:0000075c       $pdata$0$??__Fexecution@@YAXXZ 000000018001b75c     python.obj
 0004:00000768       $pdata$1$??__Fexecution@@YAXXZ 000000018001b768     python.obj
 0004:00000774       $pdata$??0new_execution_t@@QEAA@XZ 000000018001b774     python.obj
 0004:00000780       $pdata$1$??0new_execution_t@@QEAA@XZ 000000018001b780     python.obj
 0004:0000078c       $pdata$2$??0new_execution_t@@QEAA@XZ 000000018001b78c     python.obj
 0004:00000798       $pdata$??1new_execution_t@@QEAA@XZ 000000018001b798     python.obj
 0004:000007a4       $pdata$disable_script_timeout 000000018001b7a4     python.obj
 0004:000007b0       $pdata$set_script_timeout  000000018001b7b0     python.obj
 0004:000007bc       $pdata$?handle_python_error@@YAXPEAV?$_qstring@D@@_N@Z 000000018001b7bc     python.obj
 0004:000007c8       $pdata$?PythonEvalOrExec@@YAXPEBD0@Z 000000018001b7c8     python.obj
 0004:000007d4       $pdata$?utf8_wchar_t@@YAPEA_WPEAV?$qvector@_W@@PEBD@Z 000000018001b7d4     python.obj
 0004:000007e0       $pdata$4$?utf8_wchar_t@@YAPEA_WPEAV?$qvector@_W@@PEBD@Z 000000018001b7e0     python.obj
 0004:000007ec       $pdata$5$?utf8_wchar_t@@YAPEA_WPEAV?$qvector@_W@@PEBD@Z 000000018001b7ec     python.obj
 0004:000007f8       $pdata$6$?utf8_wchar_t@@YAPEA_WPEAV?$qvector@_W@@PEBD@Z 000000018001b7f8     python.obj
 0004:00000804       $pdata$7$?utf8_wchar_t@@YAPEA_WPEAV?$qvector@_W@@PEBD@Z 000000018001b804     python.obj
 0004:00000810       $pdata$?IDAPython_extlang_eval_snippet@@YA_NPEBDPEAV?$_qstring@D@@@Z 000000018001b810     python.obj
 0004:0000081c       $pdata$?idc_runpythonstatement@@YAHPEAVidc_value_t@@0@Z 000000018001b81c     python.obj
 0004:00000828       $pdata$?PyRunFile@@YAHPEBD@Z 000000018001b828     python.obj
 0004:00000834       $pdata$?return_python_result@@YA_NPEAVidc_value_t@@AEBUref_t@@PEAV?$_qstring@D@@@Z 000000018001b834     python.obj
 0004:00000840       $pdata$?IDAPython_ExecFile@@YA_NPEBDPEAU_object@@PEAV?$_qstring@D@@0PEAVidc_value_t@@_N@Z 000000018001b840     python.obj
 0004:0000084c       $pdata$?RunScript@@YA_NPEBD@Z 000000018001b84c     python.obj
 0004:00000858       $pdata$?IDAPython_extlang_call_func@@YA_NPEAVidc_value_t@@PEBDQEBV1@_KPEAV?$_qstring@D@@@Z 000000018001b858     python.obj
 0004:00000864       $pdata$?wrap_in_function@@YAXPEAV?$_qstring@D@@AEBV1@PEBD@Z 000000018001b864     python.obj
 0004:00000870       $pdata$0$?wrap_in_function@@YAXPEAV?$_qstring@D@@AEBV1@PEBD@Z 000000018001b870     python.obj
 0004:0000087c       $pdata$1$?wrap_in_function@@YAXPEAV?$_qstring@D@@AEBV1@PEBD@Z 000000018001b87c     python.obj
 0004:00000888       $pdata$?IDAPython_extlang_compile_expr@@YA_NPEBDI0PEAV?$_qstring@D@@@Z 000000018001b888     python.obj
 0004:00000894       $pdata$?IDAPython_extlang_compile_file@@YA_NPEBDPEAV?$_qstring@D@@@Z 000000018001b894     python.obj
 0004:000008a0       $pdata$?IDAPython_extlang_load_procmod@@YA_NPEAVidc_value_t@@PEBDPEAV?$_qstring@D@@@Z 000000018001b8a0     python.obj
 0004:000008ac       $pdata$?IDAPython_extlang_unload_procmod@@YA_NPEBDPEAV?$_qstring@D@@@Z 000000018001b8ac     python.obj
 0004:000008b8       $pdata$?IDAPython_extlang_create_object@@YA_NPEAVidc_value_t@@PEBDQEBV1@_KPEAV?$_qstring@D@@@Z 000000018001b8b8     python.obj
 0004:000008c4       $pdata$?IDAPython_extlang_get_attr@@YA_NPEAVidc_value_t@@PEBV1@PEBD@Z 000000018001b8c4     python.obj
 0004:000008d0       $pdata$?IDAPython_extlang_set_attr@@YA_NPEAVidc_value_t@@PEBDAEBV1@@Z 000000018001b8d0     python.obj
 0004:000008dc       $pdata$?IDAPython_extlang_eval_expr@@YA_NPEAVidc_value_t@@IPEBDPEAV?$_qstring@D@@@Z 000000018001b8dc     python.obj
 0004:000008e8       $pdata$?IDAPython_extlang_call_method@@YA_NPEAVidc_value_t@@PEBV1@PEBDQEBV1@_KPEAV?$_qstring@D@@@Z 000000018001b8e8     python.obj
 0004:000008f4       $pdata$??__Epython_highlighter@@YAXXZ 000000018001b8f4     python.obj
 0004:00000900       $pdata$??__Fpython_highlighter@@YAXXZ 000000018001b900     python.obj
 0004:0000090c       $pdata$?IDAPython_cli_execute_line@@YA_NPEBD@Z 000000018001b90c     python.obj
 0004:00000918       $pdata$?IDAPython_cli_find_completions@@YA_NPEAV?$qvector@V?$_qstring@D@@@@PEAH1PEBDH@Z 000000018001b918     python.obj
 0004:00000924       $pdata$?get_module_globals_from_path_with_kind@@YAPEAU_object@@PEBD0@Z 000000018001b924     python.obj
 0004:00000930       $pdata$0$?get_module_globals_from_path_with_kind@@YAPEAU_object@@PEBD0@Z 000000018001b930     python.obj
 0004:0000093c       $pdata$1$?get_module_globals_from_path_with_kind@@YAPEAU_object@@PEBD0@Z 000000018001b93c     python.obj
 0004:00000948       $pdata$?parse_plugin_options@@YAXXZ 000000018001b948     python.obj
 0004:00000954       $pdata$?convert_idc_args@@YAXXZ 000000018001b954     python.obj
 0004:00000960       $pdata$?on_ui_notification@@YA_JPEAXHPEAD@Z 000000018001b960     python.obj
 0004:0000096c       $pdata$?on_idb_notification@@YA_JPEAXHPEAD@Z 000000018001b96c     python.obj
 0004:00000978       $pdata$0$?on_idb_notification@@YA_JPEAXHPEAD@Z 000000018001b978     python.obj
 0004:00000984       $pdata$3$?on_idb_notification@@YA_JPEAXHPEAD@Z 000000018001b984     python.obj
 0004:00000990       $pdata$4$?on_idb_notification@@YA_JPEAXHPEAD@Z 000000018001b990     python.obj
 0004:0000099c       $pdata$5$?on_idb_notification@@YA_JPEAXHPEAD@Z 000000018001b99c     python.obj
 0004:000009a8       $pdata$?prepare_sys_path@@YAXXZ 000000018001b9a8     python.obj
 0004:000009b4       $pdata$?IDAPython_Init@@YA_NXZ 000000018001b9b4     python.obj
 0004:000009c0       $pdata$?dtor$8@?0??IDAPython_Init@@YA_NXZ@4HA 000000018001b9c0     python.obj
 0004:000009cc       $pdata$??__Fbuf_name@?P@??IDAPython_Init@@YA_NXZ@YAXXZ 000000018001b9cc     python.obj
 0004:000009d8       $pdata$0$??__Fbuf_name@?P@??IDAPython_Init@@YA_NXZ@YAXXZ 000000018001b9d8     python.obj
 0004:000009e4       $pdata$1$??__Fbuf_name@?P@??IDAPython_Init@@YA_NXZ@YAXXZ 000000018001b9e4     python.obj
 0004:000009f0       $pdata$??__Fbuf@?P@??IDAPython_Init@@YA_NXZ@YAXXZ 000000018001b9f0     python.obj
 0004:000009fc       $pdata$0$??__Fbuf@?P@??IDAPython_Init@@YA_NXZ@YAXXZ 000000018001b9fc     python.obj
 0004:00000a08       $pdata$1$??__Fbuf@?P@??IDAPython_Init@@YA_NXZ@YAXXZ 000000018001ba08     python.obj
 0004:00000a14       $pdata$?IDAPython_Term@@YAXXZ 000000018001ba14     python.obj
 0004:00000a20       $pdata$?init@@YAHXZ        000000018001ba20     python.obj
 0004:00000a2c       $pdata$??_L@YAXPEAX_K1P6AX0@Z2@Z 000000018001ba2c     MSVCRT:ehvecctr.obj
 0004:00000a38       $pdata$?fin$0@?0???_L@YAXPEAX_K1P6AX0@Z2@Z@4HA 000000018001ba38     MSVCRT:ehvecctr.obj
 0004:00000a44       $pdata$??_M@YAXPEAX_K1P6AX0@Z@Z 000000018001ba44     MSVCRT:ehvecdtr.obj
 0004:00000a50       $pdata$?fin$0@?0???_M@YAXPEAX_K1P6AX0@Z@Z@4HA 000000018001ba50     MSVCRT:ehvecdtr.obj
 0004:00000a5c       $pdata$?__ArrayUnwind@@YAXPEAX_K1P6AX0@Z@Z 000000018001ba5c     MSVCRT:ehvecdtr.obj
 0004:00000a68       $pdata$?filt$0@?0??__ArrayUnwind@@YAXPEAX_K1P6AX0@Z@Z@4HA 000000018001ba68     MSVCRT:ehvecdtr.obj
 0004:00000a74       $pdata$??2@YAPEAX_K@Z      000000018001ba74     MSVCRT:new_scalar.obj
 0004:00000a80       $pdata$atexit              000000018001ba80     MSVCRT:utility.obj
 0004:00000a8c       $pdata$_onexit             000000018001ba8c     MSVCRT:utility.obj
 0004:00000a98       $pdata$__scrt_is_nonwritable_in_current_image 000000018001ba98     MSVCRT:utility.obj
 0004:00000aa4       $pdata$__scrt_is_nonwritable_in_current_image$filt$0 000000018001baa4     MSVCRT:utility.obj
 0004:00000ab0       $pdata$__scrt_acquire_startup_lock 000000018001bab0     MSVCRT:utility.obj
 0004:00000abc       $pdata$__scrt_release_startup_lock 000000018001babc     MSVCRT:utility.obj
 0004:00000ac8       $pdata$__scrt_initialize_crt 000000018001bac8     MSVCRT:utility.obj
 0004:00000ad4       $pdata$__scrt_uninitialize_crt 000000018001bad4     MSVCRT:utility.obj
 0004:00000ae0       $pdata$__scrt_initialize_onexit_tables 000000018001bae0     MSVCRT:utility.obj
 0004:00000aec       $pdata$__scrt_dllmain_exception_filter 000000018001baec     MSVCRT:utility.obj
 0004:00000af8       $pdata$__scrt_dllmain_before_initialize_c 000000018001baf8     MSVCRT:utility.obj
 0004:00000b04       $pdata$__scrt_dllmain_after_initialize_c 000000018001bb04     MSVCRT:utility.obj
 0004:00000b10       $pdata$__scrt_dllmain_uninitialize_c 000000018001bb10     MSVCRT:utility.obj
 0004:00000b1c       $pdata$__scrt_dllmain_uninitialize_critical 000000018001bb1c     MSVCRT:utility.obj
 0004:00000b28       $pdata$__scrt_dllmain_crt_thread_attach 000000018001bb28     MSVCRT:utility.obj
 0004:00000b34       $pdata$__scrt_dllmain_crt_thread_detach 000000018001bb34     MSVCRT:utility.obj
 0004:00000b40       $pdata$_Init_thread_header 000000018001bb40     MSVCRT:thread_safe_statics.obj
 0004:00000b4c       $pdata$_Init_thread_footer 000000018001bb4c     MSVCRT:thread_safe_statics.obj
 0004:00000b58       $pdata$_Init_thread_wait   000000018001bb58     MSVCRT:thread_safe_statics.obj
 0004:00000b64       $pdata$_Init_thread_notify 000000018001bb64     MSVCRT:thread_safe_statics.obj
 0004:00000b70       $pdata$?__scrt_uninitialize_thread_safe_statics@@YAXXZ 000000018001bb70     MSVCRT:thread_safe_statics.obj
 0004:00000b7c       $pdata$?__scrt_initialize_thread_safe_statics@@YAHXZ 000000018001bb7c     MSVCRT:thread_safe_statics.obj
 0004:00000b88       $pdata$__GSHandlerCheckCommon 000000018001bb88     MSVCRT:gshandler.obj
 0004:00000b94       $pdata$__GSHandlerCheck    000000018001bb94     MSVCRT:gshandler.obj
 0004:00000ba0       $pdata$__GSHandlerCheck_EH 000000018001bba0     MSVCRT:gshandlereh.obj
 0004:00000bb8       $pdata$?dllmain_crt_process_attach@@YAHQEAUHINSTANCE__@@QEAX@Z 000000018001bbb8     MSVCRT:dll_dllmain.obj
 0004:00000bc4       $pdata$?fin$0@?0??dllmain_crt_process_attach@@YAHQEAUHINSTANCE__@@QEAX@Z@4HA 000000018001bbc4     MSVCRT:dll_dllmain.obj
 0004:00000bd0       $pdata$?dllmain_crt_process_detach@@YAH_N@Z 000000018001bbd0     MSVCRT:dll_dllmain.obj
 0004:00000bdc       $pdata$?fin$0@?0??dllmain_crt_process_detach@@YAH_N@Z@4HA 000000018001bbdc     MSVCRT:dll_dllmain.obj
 0004:00000be8       $pdata$?dllmain_crt_dispatch@@YAHQEAUHINSTANCE__@@KQEAX@Z 000000018001bbe8     MSVCRT:dll_dllmain.obj
 0004:00000bf4       $pdata$?dllmain_dispatch@@YAHQEAUHINSTANCE__@@KQEAX@Z 000000018001bbf4     MSVCRT:dll_dllmain.obj
 0004:00000c00       $pdata$?filt$0@?0??dllmain_dispatch@@YAHQEAUHINSTANCE__@@KQEAX@Z@4HA 000000018001bc00     MSVCRT:dll_dllmain.obj
 0004:00000c0c       $pdata$_DllMainCRTStartup  000000018001bc0c     MSVCRT:dll_dllmain.obj
 0004:00000c18       $pdata$??0exception@std@@QEAA@AEBV01@@Z 000000018001bc18     MSVCRT:throw_bad_alloc.obj
 0004:00000c24       $pdata$??_Gbad_array_new_length@std@@UEAAPEAXI@Z 000000018001bc24     MSVCRT:throw_bad_alloc.obj
 0004:00000c24       $pdata$??_Gexception@std@@UEAAPEAXI@Z 000000018001bc24     MSVCRT:throw_bad_alloc.obj
 0004:00000c24       $pdata$??_Gbad_alloc@std@@UEAAPEAXI@Z 000000018001bc24     MSVCRT:throw_bad_alloc.obj
 0004:00000c30       $pdata$??0bad_alloc@std@@QEAA@AEBV01@@Z 000000018001bc30     MSVCRT:throw_bad_alloc.obj
 0004:00000c3c       $pdata$??0bad_array_new_length@std@@QEAA@AEBV01@@Z 000000018001bc3c     MSVCRT:throw_bad_alloc.obj
 0004:00000c48       $pdata$?__scrt_throw_std_bad_alloc@@YAXXZ 000000018001bc48     MSVCRT:throw_bad_alloc.obj
 0004:00000c54       $pdata$?__scrt_throw_std_bad_array_new_length@@YAXXZ 000000018001bc54     MSVCRT:throw_bad_alloc.obj
 0004:00000c60       $pdata$__isa_available_init 000000018001bc60     MSVCRT:cpu_disp.obj
 0004:00000c6c       $pdata$__scrt_fastfail     000000018001bc6c     MSVCRT:utility_desktop.obj
 0004:00000c78       $pdata$__report_gsfailure  000000018001bc78     MSVCRT:gs_report.obj
 0004:00000c84       $pdata$capture_previous_context 000000018001bc84     MSVCRT:gs_report.obj
 0004:00000c90       $pdata$__raise_securityfailure 000000018001bc90     MSVCRT:gs_report.obj
 0004:00000c9c       $pdata$__security_init_cookie 000000018001bc9c     MSVCRT:gs_support.obj
 0004:00000ca8       $pdata$DllMain             000000018001bca8     MSVCRT:dll_dllmain_stub.obj
 0004:00000cb4       $pdata$__scrt_initialize_default_local_stdio_options 000000018001bcb4     MSVCRT:default_local_stdio_options.obj
 0004:00000cc0       $pdata$_RTC_Initialize     000000018001bcc0     MSVCRT:initsect.obj
 0004:00000ccc       $pdata$_RTC_Terminate      000000018001bccc     MSVCRT:initsect.obj
 0004:00000ce4       $pdata$??_Gtype_info@@UEAAPEAXI@Z 000000018001bce4     MSVCRT:std_type_info_static.obj
